Archive member included to satisfy reference by file (symbol)

/home/tcukavin13/Desktop/CMake_for_MCU/at32f437_template/Libraries/DSP/libarm_cortexM4lf_math.a(arm_sin_f32.o)
                              CMakeFiles/at32f437_template.elf.dir/Application/Source/main.cpp.obj (arm_sin_f32)
/home/tcukavin13/Desktop/CMake_for_MCU/at32f437_template/Libraries/DSP/libarm_cortexM4lf_math.a(arm_common_tables.o)
                              /home/tcukavin13/Desktop/CMake_for_MCU/at32f437_template/Libraries/DSP/libarm_cortexM4lf_math.a(arm_sin_f32.o) (sinTable_f32)
/usr/lib/gcc/arm-none-eabi/13.2.1/thumb/v7e-m+fp/hard/libgcc.a(_aeabi_uldivmod.o)
                              CMakeFiles/at32f437_template.elf.dir/Libraries/StdPeriph/Source/at32f435_437_crm.c.obj (__aeabi_uldivmod)
/usr/lib/gcc/arm-none-eabi/13.2.1/thumb/v7e-m+fp/hard/libgcc.a(_udivmoddi4.o)
                              /usr/lib/gcc/arm-none-eabi/13.2.1/thumb/v7e-m+fp/hard/libgcc.a(_aeabi_uldivmod.o) (__udivmoddi4)
/usr/lib/gcc/arm-none-eabi/13.2.1/thumb/v7e-m+fp/hard/libgcc.a(unwind-arm.o)
                              CMakeFiles/at32f437_template.elf.dir/Application/Source/main.cpp.obj (__aeabi_unwind_cpp_pr0)
/usr/lib/gcc/arm-none-eabi/13.2.1/thumb/v7e-m+fp/hard/libgcc.a(libunwind.o)
                              /usr/lib/gcc/arm-none-eabi/13.2.1/thumb/v7e-m+fp/hard/libgcc.a(unwind-arm.o) (restore_core_regs)
/usr/lib/gcc/arm-none-eabi/13.2.1/thumb/v7e-m+fp/hard/libgcc.a(pr-support.o)
                              /usr/lib/gcc/arm-none-eabi/13.2.1/thumb/v7e-m+fp/hard/libgcc.a(unwind-arm.o) (__gnu_unwind_execute)
/usr/lib/gcc/arm-none-eabi/13.2.1/thumb/v7e-m+fp/hard/libgcc.a(_dvmd_tls.o)
                              /usr/lib/gcc/arm-none-eabi/13.2.1/thumb/v7e-m+fp/hard/libgcc.a(_aeabi_uldivmod.o) (__aeabi_ldiv0)
/usr/lib/gcc/arm-none-eabi/13.2.1/../../../arm-none-eabi/lib/thumb/v7e-m+fp/hard/libg_nano.a(libc_a-init.o)
                              /usr/lib/gcc/arm-none-eabi/13.2.1/../../../arm-none-eabi/lib/thumb/v7e-m+fp/hard/crt0.o (__libc_init_array)
/usr/lib/gcc/arm-none-eabi/13.2.1/../../../arm-none-eabi/lib/thumb/v7e-m+fp/hard/libg_nano.a(libc_a-abort.o)
                              /usr/lib/gcc/arm-none-eabi/13.2.1/thumb/v7e-m+fp/hard/libgcc.a(pr-support.o) (abort)
/usr/lib/gcc/arm-none-eabi/13.2.1/../../../arm-none-eabi/lib/thumb/v7e-m+fp/hard/libg_nano.a(libc_a-memset.o)
                              /usr/lib/gcc/arm-none-eabi/13.2.1/../../../arm-none-eabi/lib/thumb/v7e-m+fp/hard/crt0.o (memset)
/usr/lib/gcc/arm-none-eabi/13.2.1/../../../arm-none-eabi/lib/thumb/v7e-m+fp/hard/libg_nano.a(libc_a-nano-vfprintf_float.o)
                              (_printf_float)
/usr/lib/gcc/arm-none-eabi/13.2.1/../../../arm-none-eabi/lib/thumb/v7e-m+fp/hard/libg_nano.a(libc_a-dtoa.o)
                              /usr/lib/gcc/arm-none-eabi/13.2.1/../../../arm-none-eabi/lib/thumb/v7e-m+fp/hard/libg_nano.a(libc_a-nano-vfprintf_float.o) (_dtoa_r)
/usr/lib/gcc/arm-none-eabi/13.2.1/../../../arm-none-eabi/lib/thumb/v7e-m+fp/hard/libg_nano.a(libc_a-memcpy.o)
                              CMakeFiles/at32f437_template.elf.dir/Libraries/FreeRTOS/Source/queue.c.obj (memcpy)
/usr/lib/gcc/arm-none-eabi/13.2.1/../../../arm-none-eabi/lib/thumb/v7e-m+fp/hard/libg_nano.a(libc_a-malloc.o)
                              /usr/lib/gcc/arm-none-eabi/13.2.1/../../../arm-none-eabi/lib/thumb/v7e-m+fp/hard/libg_nano.a(libc_a-dtoa.o) (malloc)
/usr/lib/gcc/arm-none-eabi/13.2.1/../../../arm-none-eabi/lib/thumb/v7e-m+fp/hard/libg_nano.a(libc_a-nano-vfprintf_i.o)
                              /usr/lib/gcc/arm-none-eabi/13.2.1/../../../arm-none-eabi/lib/thumb/v7e-m+fp/hard/libg_nano.a(libc_a-nano-vfprintf_float.o) (_printf_common)
/usr/lib/gcc/arm-none-eabi/13.2.1/../../../arm-none-eabi/lib/thumb/v7e-m+fp/hard/libg_nano.a(libc_a-exit.o)
                              /usr/lib/gcc/arm-none-eabi/13.2.1/../../../arm-none-eabi/lib/thumb/v7e-m+fp/hard/crt0.o (exit)
/usr/lib/gcc/arm-none-eabi/13.2.1/../../../arm-none-eabi/lib/thumb/v7e-m+fp/hard/libg_nano.a(libc_a-atexit.o)
                              /usr/lib/gcc/arm-none-eabi/13.2.1/../../../arm-none-eabi/lib/thumb/v7e-m+fp/hard/crt0.o (atexit)
/usr/lib/gcc/arm-none-eabi/13.2.1/../../../arm-none-eabi/lib/thumb/v7e-m+fp/hard/libg_nano.a(libc_a-fini.o)
                              /usr/lib/gcc/arm-none-eabi/13.2.1/../../../arm-none-eabi/lib/thumb/v7e-m+fp/hard/crt0.o (__libc_fini_array)
/usr/lib/gcc/arm-none-eabi/13.2.1/../../../arm-none-eabi/lib/thumb/v7e-m+fp/hard/libg_nano.a(libc_a-assert.o)
                              /usr/lib/gcc/arm-none-eabi/13.2.1/../../../arm-none-eabi/lib/thumb/v7e-m+fp/hard/libg_nano.a(libc_a-dtoa.o) (__assert_func)
/usr/lib/gcc/arm-none-eabi/13.2.1/../../../arm-none-eabi/lib/thumb/v7e-m+fp/hard/libg_nano.a(libc_a-mprec.o)
                              /usr/lib/gcc/arm-none-eabi/13.2.1/../../../arm-none-eabi/lib/thumb/v7e-m+fp/hard/libg_nano.a(libc_a-dtoa.o) (_Balloc)
[...]
Memory Configuration

Name             Origin             Length             Attributes
FLASH            0x08000000         0x003f0000         xr
RAM              0x20000000         0x00060000         xrw
*default*        0x00000000         0xffffffff

Linker script and memory map

LOAD /usr/lib/gcc/arm-none-eabi/13.2.1/thumb/v7e-m+fp/hard/crti.o
LOAD /usr/lib/gcc/arm-none-eabi/13.2.1/thumb/v7e-m+fp/hard/crtbegin.o
LOAD /usr/lib/gcc/arm-none-eabi/13.2.1/../../../arm-none-eabi/lib/thumb/v7e-m+fp/hard/crt0.o
LOAD CMakeFiles/at32f437_template.elf.dir/Application/Source/at32f435_437_clock.c.obj
LOAD CMakeFiles/at32f437_template.elf.dir/Application/Source/at32f435_437_int.c.obj
LOAD CMakeFiles/at32f437_template.elf.dir/Application/Source/main.cpp.obj
LOAD CMakeFiles/at32f437_template.elf.dir/Libraries/StdPeriph/Source/at32f435_437_acc.c.obj
LOAD CMakeFiles/at32f437_template.elf.dir/Libraries/StdPeriph/Source/at32f435_437_adc.c.obj
LOAD CMakeFiles/at32f437_template.elf.dir/Libraries/StdPeriph/Source/at32f435_437_can.c.obj
LOAD CMakeFiles/at32f437_template.elf.dir/Libraries/StdPeriph/Source/at32f435_437_crc.c.obj
LOAD CMakeFiles/at32f437_template.elf.dir/Libraries/StdPeriph/Source/at32f435_437_crm.c.obj
LOAD CMakeFiles/at32f437_template.elf.dir/Libraries/StdPeriph/Source/at32f435_437_dac.c.obj
LOAD CMakeFiles/at32f437_template.elf.dir/Libraries/StdPeriph/Source/at32f435_437_debug.c.obj
LOAD CMakeFiles/at32f437_template.elf.dir/Libraries/StdPeriph/Source/at32f435_437_dma.c.obj
LOAD CMakeFiles/at32f437_template.elf.dir/Libraries/StdPeriph/Source/at32f435_437_dvp.c.obj
LOAD CMakeFiles/at32f437_template.elf.dir/Libraries/StdPeriph/Source/at32f435_437_edma.c.obj
LOAD CMakeFiles/at32f437_template.elf.dir/Libraries/StdPeriph/Source/at32f435_437_emac.c.obj
LOAD CMakeFiles/at32f437_template.elf.dir/Libraries/StdPeriph/Source/at32f435_437_ertc.c.obj
LOAD CMakeFiles/at32f437_template.elf.dir/Libraries/StdPeriph/Source/at32f435_437_exint.c.obj
LOAD CMakeFiles/at32f437_template.elf.dir/Libraries/StdPeriph/Source/at32f435_437_flash.c.obj
LOAD CMakeFiles/at32f437_template.elf.dir/Libraries/StdPeriph/Source/at32f435_437_gpio.c.obj
LOAD CMakeFiles/at32f437_template.elf.dir/Libraries/StdPeriph/Source/at32f435_437_i2c.c.obj
LOAD CMakeFiles/at32f437_template.elf.dir/Libraries/StdPeriph/Source/at32f435_437_misc.c.obj
LOAD CMakeFiles/at32f437_template.elf.dir/Libraries/StdPeriph/Source/at32f435_437_pwc.c.obj
LOAD CMakeFiles/at32f437_template.elf.dir/Libraries/StdPeriph/Source/at32f435_437_qspi.c.obj
LOAD CMakeFiles/at32f437_template.elf.dir/Libraries/StdPeriph/Source/at32f435_437_scfg.c.obj
LOAD CMakeFiles/at32f437_template.elf.dir/Libraries/StdPeriph/Source/at32f435_437_sdio.c.obj
LOAD CMakeFiles/at32f437_template.elf.dir/Libraries/StdPeriph/Source/at32f435_437_spi.c.obj
LOAD CMakeFiles/at32f437_template.elf.dir/Libraries/StdPeriph/Source/at32f435_437_tmr.c.obj
LOAD CMakeFiles/at32f437_template.elf.dir/Libraries/StdPeriph/Source/at32f435_437_usart.c.obj
LOAD CMakeFiles/at32f437_template.elf.dir/Libraries/StdPeriph/Source/at32f435_437_usb.c.obj
LOAD CMakeFiles/at32f437_template.elf.dir/Libraries/StdPeriph/Source/at32f435_437_wdt.c.obj
LOAD CMakeFiles/at32f437_template.elf.dir/Libraries/StdPeriph/Source/at32f435_437_wwdt.c.obj
LOAD CMakeFiles/at32f437_template.elf.dir/Libraries/StdPeriph/Source/at32f435_437_xmc.c.obj
LOAD CMakeFiles/at32f437_template.elf.dir/Startup/startup_at32f435_437.S.obj
LOAD CMakeFiles/at32f437_template.elf.dir/Startup/system_at32f435_437.c.obj
LOAD CMakeFiles/at32f437_template.elf.dir/Libraries/FreeRTOS/Memory_management/heap_4.c.obj
LOAD CMakeFiles/at32f437_template.elf.dir/Libraries/FreeRTOS/Portable/port.c.obj
LOAD CMakeFiles/at32f437_template.elf.dir/Libraries/FreeRTOS/Source/croutine.c.obj
LOAD CMakeFiles/at32f437_template.elf.dir/Libraries/FreeRTOS/Source/event_groups.c.obj
LOAD CMakeFiles/at32f437_template.elf.dir/Libraries/FreeRTOS/Source/list.c.obj
LOAD CMakeFiles/at32f437_template.elf.dir/Libraries/FreeRTOS/Source/queue.c.obj
LOAD CMakeFiles/at32f437_template.elf.dir/Libraries/FreeRTOS/Source/stream_buffer.c.obj
LOAD CMakeFiles/at32f437_template.elf.dir/Libraries/FreeRTOS/Source/tasks.c.obj
LOAD CMakeFiles/at32f437_template.elf.dir/Libraries/FreeRTOS/Source/timers.c.obj
LOAD /home/tcukavin13/Desktop/CMake_for_MCU/at32f437_template/Libraries/DSP/libarm_cortexM4lf_math.a
LOAD /usr/lib/gcc/arm-none-eabi/13.2.1/../../../arm-none-eabi/lib/thumb/v7e-m+fp/hard/libstdc++_nano.a
LOAD /usr/lib/gcc/arm-none-eabi/13.2.1/../../../arm-none-eabi/lib/thumb/v7e-m+fp/hard/libm.a
START GROUP
LOAD /usr/lib/gcc/arm-none-eabi/13.2.1/thumb/v7e-m+fp/hard/libgcc.a
LOAD /usr/lib/gcc/arm-none-eabi/13.2.1/../../../arm-none-eabi/lib/thumb/v7e-m+fp/hard/libg_nano.a
LOAD /usr/lib/gcc/arm-none-eabi/13.2.1/../../../arm-none-eabi/lib/thumb/v7e-m+fp/hard/libc_nano.a
END GROUP
START GROUP
LOAD /usr/lib/gcc/arm-none-eabi/13.2.1/thumb/v7e-m+fp/hard/libgcc.a
LOAD /usr/lib/gcc/arm-none-eabi/13.2.1/../../../arm-none-eabi/lib/thumb/v7e-m+fp/hard/libc_nano.a
LOAD /usr/lib/gcc/arm-none-eabi/13.2.1/../../../arm-none-eabi/lib/thumb/v7e-m+fp/hard/libnosys.a
END GROUP
START GROUP
LOAD /usr/lib/gcc/arm-none-eabi/13.2.1/thumb/v7e-m+fp/hard/libgcc.a
LOAD /usr/lib/gcc/arm-none-eabi/13.2.1/../../../arm-none-eabi/lib/thumb/v7e-m+fp/hard/libc_nano.a
LOAD /usr/lib/gcc/arm-none-eabi/13.2.1/../../../arm-none-eabi/lib/thumb/v7e-m+fp/hard/libnosys.a
END GROUP
LOAD /usr/lib/gcc/arm-none-eabi/13.2.1/thumb/v7e-m+fp/hard/crtend.o
LOAD /usr/lib/gcc/arm-none-eabi/13.2.1/thumb/v7e-m+fp/hard/crtn.o
                0x20060000                        _estack = 0x20060000
                0x00000200                        _Min_Heap_Size = 0x200
                0x00000400                        _Min_Stack_Size = 0x400

.isr_vector     0x08000000      0x20c
                0x08000000                        . = ALIGN (0x4)
 *(.isr_vector)
 .isr_vector    0x08000000      0x20c CMakeFiles/at32f437_template.elf.dir/Startup/startup_at32f435_437.S.obj
                0x08000000                g_pfnVectors
                0x0800020c                        . = ALIGN (0x4)

.text           0x08000240     0x7950
                0x08000240                        . = ALIGN (0x4)
 *(.text)
 .text          0x08000240       0x88 /usr/lib/gcc/arm-none-eabi/13.2.1/thumb/v7e-m+fp/hard/crtbegin.o
 .text          0x080002c8       0x30 /usr/lib/gcc/arm-none-eabi/13.2.1/thumb/v7e-m+fp/hard/libgcc.a(_aeabi_uldivmod.o)
                0x080002c8                __aeabi_uldivmod
 .text          0x080002f8      0x2bc /usr/lib/gcc/arm-none-eabi/13.2.1/thumb/v7e-m+fp/hard/libgcc.a(_udivmoddi4.o)
                0x080002f8                __udivmoddi4
 .text          0x080005b4      0xa54 /usr/lib/gcc/arm-none-eabi/13.2.1/thumb/v7e-m+fp/hard/libgcc.a(unwind-arm.o)
                0x0800086c                _Unwind_GetCFA
                0x08000870                __gnu_Unwind_RaiseException
                0x080008d8                __gnu_Unwind_ForcedUnwind
                0x080008e8                __gnu_Unwind_Resume
                0x08000928                __gnu_Unwind_Resume_or_Rethrow
                0x08000938                _Unwind_Complete
                0x0800093c                _Unwind_DeleteException
                0x08000948                _Unwind_VRS_Get
                0x08000998                _Unwind_VRS_Set
                0x080009e4                __gnu_Unwind_Backtrace
                0x08000d0c                __aeabi_unwind_cpp_pr0
                0x08000d10                __aeabi_unwind_cpp_pr1
                0x08000d14                __aeabi_unwind_cpp_pr2
                0x08000d18                _Unwind_VRS_Pop
 .text          0x08001008      0x1ac /usr/lib/gcc/arm-none-eabi/13.2.1/thumb/v7e-m+fp/hard/libgcc.a(libunwind.o)
                0x08001008                __restore_core_regs
                0x08001008                restore_core_regs
                0x08001020                __gnu_Unwind_Restore_VFP
                0x08001028                __gnu_Unwind_Save_VFP
                0x08001030                __gnu_Unwind_Restore_VFP_D
                0x08001038                __gnu_Unwind_Save_VFP_D
                0x08001040                __gnu_Unwind_Restore_VFP_D_16_to_31
                0x08001048                __gnu_Unwind_Save_VFP_D_16_to_31
                0x08001050                __gnu_Unwind_Restore_WMMXD
                0x08001094                __gnu_Unwind_Save_WMMXD
                0x080010d8                __gnu_Unwind_Restore_WMMXC
                0x080010ec                __gnu_Unwind_Save_WMMXC
                0x08001100                ___Unwind_RaiseException
                0x08001100                _Unwind_RaiseException
                0x08001124                ___Unwind_Resume
                0x08001124                _Unwind_Resume
                0x08001148                _Unwind_Resume_or_Rethrow
                0x08001148                ___Unwind_Resume_or_Rethrow
                0x0800116c                ___Unwind_ForcedUnwind
                0x0800116c                _Unwind_ForcedUnwind
                0x08001190                _Unwind_Backtrace
                0x08001190                ___Unwind_Backtrace
 .text          0x080011b4      0x3a0 /usr/lib/gcc/arm-none-eabi/13.2.1/thumb/v7e-m+fp/hard/libgcc.a(pr-support.o)
                0x0800120c                __gnu_unwind_execute
                0x08001508                __gnu_unwind_frame
                0x08001534                _Unwind_GetRegionStart
                0x08001540                _Unwind_GetLanguageSpecificData
 .text          0x08001554        0x4 /usr/lib/gcc/arm-none-eabi/13.2.1/thumb/v7e-m+fp/hard/libgcc.a(_dvmd_tls.o)
                0x08001554                __aeabi_ldiv0
                0x08001554                __aeabi_idiv0
 .text          0x08001558       0x50 /usr/lib/gcc/arm-none-eabi/13.2.1/../../../arm-none-eabi/lib/thumb/v7e-m+fp/hard/libg_nano.a(libc_a-init.o)
                0x08001558                __libc_init_array
 .text          0x080015a8       0x10 /usr/lib/gcc/arm-none-eabi/13.2.1/../../../arm-none-eabi/lib/thumb/v7e-m+fp/hard/libg_nano.a(libc_a-abort.o)
                0x080015a8                abort
 .text          0x080015b8       0xa4 /usr/lib/gcc/arm-none-eabi/13.2.1/../../../arm-none-eabi/lib/thumb/v7e-m+fp/hard/libg_nano.a(libc_a-memset.o)
                0x080015b8                memset
 .text          0x0800165c      0x6b0 /usr/lib/gcc/arm-none-eabi/13.2.1/../../../arm-none-eabi/lib/thumb/v7e-m+fp/hard/libg_nano.a(libc_a-nano-vfprintf_float.o)
                0x0800165c                __cvt
                0x0800176c                __exponent
                0x080017f0                _printf_float
 *fill*         0x08001d0c        0x4 
 .text          0x08001d10      0xfdc /usr/lib/gcc/arm-none-eabi/13.2.1/../../../arm-none-eabi/lib/thumb/v7e-m+fp/hard/libg_nano.a(libc_a-dtoa.o)
                0x08001e3c                _dtoa_r
 .text          0x08002cec      0x134 /usr/lib/gcc/arm-none-eabi/13.2.1/../../../arm-none-eabi/lib/thumb/v7e-m+fp/hard/libg_nano.a(libc_a-memcpy.o)
                0x08002cec                memcpy
 .text          0x08002e20       0x20 /usr/lib/gcc/arm-none-eabi/13.2.1/../../../arm-none-eabi/lib/thumb/v7e-m+fp/hard/libg_nano.a(libc_a-malloc.o)
                0x08002e20                malloc
                0x08002e30                free
 .text          0x08002e40      0x3a8 /usr/lib/gcc/arm-none-eabi/13.2.1/../../../arm-none-eabi/lib/thumb/v7e-m+fp/hard/libg_nano.a(libc_a-nano-vfprintf_i.o)
                0x08002e40                _printf_common
                0x08002f64                _printf_i
 .text          0x080031e8       0x4c /usr/lib/gcc/arm-none-eabi/13.2.1/../../../arm-none-eabi/lib/thumb/v7e-m+fp/hard/libg_nano.a(libc_a-assert.o)
                0x080031e8                __assert_func
                0x08003228                __assert
 .text          0x08003234      0xb10 /usr/lib/gcc/arm-none-eabi/13.2.1/../../../arm-none-eabi/lib/thumb/v7e-m+fp/hard/libg_nano.a(libc_a-mprec.o)
                0x08003234                _Balloc
                0x080032b4                _Bfree
                0x080032fc                __multadd
                0x08003398                __s2b
                0x0800344c                __hi0bits
                0x08003490                __lo0bits
                0x080034f0                __i2b
                0x0800351c                __multiply
                0x08003688                __pow5mult
                0x08003768                __lshift
                0x08003850                __mcmp
                0x08003894                __mdiff
                0x08003a0c                __ulp
                0x08003a70                __b2d
                0x08003b2c                __d2b
                0x08003bec                __ratio
                0x08003c4c                _mprec_log10
                0x08003c8c                __copybits
                0x08003ce8                __any_on
 .text          0x08003d44       0x14 /usr/lib/gcc/arm-none-eabi/13.2.1/../../../arm-none-eabi/lib/thumb/v7e-m+fp/hard/libg_nano.a(libc_a-localeconv.o)
                0x08003d44                __localeconv_l
                0x08003d48                _localeconv_r
                0x08003d50                localeconv
 .text          0x08003d58      0x260 /usr/lib/gcc/arm-none-eabi/13.2.1/../../../arm-none-eabi/lib/thumb/v7e-m+fp/hard/libg_nano.a(libc_a-signal.o)
                0x08003d58                _init_signal_r
                0x08003d84                _signal_r
                0x08003dd0                _raise_r
                0x08003e20                __sigtramp_r
                0x08003e80                raise
                0x08003ed4                signal
                0x08003f20                _init_signal
                0x08003f54                __sigtramp
 .text          0x08003fb8      0x224 /usr/lib/gcc/arm-none-eabi/13.2.1/../../../arm-none-eabi/lib/thumb/v7e-m+fp/hard/libg_nano.a(libc_a-findfp.o)
                0x080040e8                __sfp
                0x0800418c                __sinit
                0x080041ac                __sfp_lock_acquire
                0x080041b0                __sfp_lock_release
                0x080041b4                __fp_lock_all
                0x080041c8                __fp_unlock_all
 *fill*         0x080041dc       0x24 
 .text          0x08004200       0xd8 /usr/lib/gcc/arm-none-eabi/13.2.1/../../../arm-none-eabi/lib/thumb/v7e-m+fp/hard/libg_nano.a(libc_a-strlen.o)
                0x08004200                strlen
 .text          0x080042d8      0x1a8 /usr/lib/gcc/arm-none-eabi/13.2.1/../../../arm-none-eabi/lib/thumb/v7e-m+fp/hard/libg_nano.a(libc_a-fflush.o)
                0x080042d8                __sflush_r
                0x080043fc                _fflush_r
                0x08004434                fflush
 .text          0x08004480       0x28 /usr/lib/gcc/arm-none-eabi/13.2.1/../../../arm-none-eabi/lib/thumb/v7e-m+fp/hard/libg_nano.a(libc_a-callocr.o)
                0x08004480                _calloc_r
 .text          0x080044a8      0x148 /usr/lib/gcc/arm-none-eabi/13.2.1/../../../arm-none-eabi/lib/thumb/v7e-m+fp/hard/libg_nano.a(libc_a-mallocr.o)
                0x080044f0                _malloc_r
 .text          0x080045f0       0xbc /usr/lib/gcc/arm-none-eabi/13.2.1/../../../arm-none-eabi/lib/thumb/v7e-m+fp/hard/libg_nano.a(libc_a-freer.o)
                0x080045f0                _free_r
 .text          0x080046ac       0x44 /usr/lib/gcc/arm-none-eabi/13.2.1/../../../arm-none-eabi/lib/thumb/v7e-m+fp/hard/libg_nano.a(libc_a-fwalk.o)
                0x080046ac                _fwalk_sglue
 .text          0x080046f0       0x30 /usr/lib/gcc/arm-none-eabi/13.2.1/../../../arm-none-eabi/lib/thumb/v7e-m+fp/hard/libg_nano.a(libc_a-wctomb_r.o)
                0x080046f0                _wctomb_r
                0x08004704                __ascii_wctomb
 .text          0x08004720       0xa0 /usr/lib/gcc/arm-none-eabi/13.2.1/../../../arm-none-eabi/lib/thumb/v7e-m+fp/hard/libg_nano.a(libc_a-memchr.o)
                0x08004720                memchr
 .text          0x080047c0       0x44 /usr/lib/gcc/arm-none-eabi/13.2.1/../../../arm-none-eabi/lib/thumb/v7e-m+fp/hard/libg_nano.a(libc_a-fprintf.o)
                0x080047c0                _fprintf_r
                0x080047c0                _fiprintf_r
                0x080047dc                fprintf
                0x080047dc                fiprintf
 .text          0x08004804        0x8 /usr/lib/gcc/arm-none-eabi/13.2.1/../../../arm-none-eabi/lib/thumb/v7e-m+fp/hard/libg_nano.a(libc_a-mlock.o)
                0x08004804                __malloc_lock
                0x08004808                __malloc_unlock
 .text          0x0800480c      0x314 /usr/lib/gcc/arm-none-eabi/13.2.1/../../../arm-none-eabi/lib/thumb/v7e-m+fp/hard/libg_nano.a(libc_a-nano-vfprintf.o)
                0x08004848                __sfputs_r
                0x08004878                __sprint_r
                0x08004898                _vfiprintf_r
                0x08004898                _vfprintf_r
                0x08004b04                vfiprintf
                0x08004b04                vfprintf
 .text          0x08004b20       0xa0 /usr/lib/gcc/arm-none-eabi/13.2.1/../../../arm-none-eabi/lib/thumb/v7e-m+fp/hard/libg_nano.a(libc_a-wbuf.o)
                0x08004b20                __swbuf_r
                0x08004ba8                __swbuf
 .text          0x08004bc0       0x24 /usr/lib/gcc/arm-none-eabi/13.2.1/../../../arm-none-eabi/lib/thumb/v7e-m+fp/hard/libg_nano.a(libc_a-sbrkr.o)
                0x08004bc0                _sbrk_r
 .text          0x08004be4       0x94 /usr/lib/gcc/arm-none-eabi/13.2.1/../../../arm-none-eabi/lib/thumb/v7e-m+fp/hard/libg_nano.a(libc_a-stdio.o)
                0x08004be4                __sread
                0x08004c08                __seofread
                0x08004c0c                __swrite
                0x08004c4c                __sseek
                0x08004c70                __sclose
 .text          0x08004c78       0x30 /usr/lib/gcc/arm-none-eabi/13.2.1/../../../arm-none-eabi/lib/thumb/v7e-m+fp/hard/libg_nano.a(libc_a-signalr.o)
                0x08004c78                _kill_r
                0x08004ca4                _getpid_r
 .text          0x08004ca8      0x300 /usr/lib/gcc/arm-none-eabi/13.2.1/../../../arm-none-eabi/lib/thumb/v7e-m+fp/hard/libg_nano.a(libc_a-fvwrite.o)
                0x08004ca8                __sfvwrite_r
 .text          0x08004fa8       0x40 /usr/lib/gcc/arm-none-eabi/13.2.1/../../../arm-none-eabi/lib/thumb/v7e-m+fp/hard/libg_nano.a(libc_a-mbtowc_r.o)
                0x08004fa8                _mbtowc_r
                0x08004fbc                __ascii_mbtowc
 .text          0x08004fe8       0x24 /usr/lib/gcc/arm-none-eabi/13.2.1/../../../arm-none-eabi/lib/thumb/v7e-m+fp/hard/libg_nano.a(libc_a-closer.o)
                0x08004fe8                _close_r
 .text          0x0800500c      0x100 /usr/lib/gcc/arm-none-eabi/13.2.1/../../../arm-none-eabi/lib/thumb/v7e-m+fp/hard/libg_nano.a(libc_a-memmove.o)
                0x0800500c                memmove
 .text          0x0800510c       0xc4 /usr/lib/gcc/arm-none-eabi/13.2.1/../../../arm-none-eabi/lib/thumb/v7e-m+fp/hard/libg_nano.a(libc_a-wsetup.o)
                0x0800510c                __swsetup_r
 .text          0x080051d0       0x2c /usr/lib/gcc/arm-none-eabi/13.2.1/../../../arm-none-eabi/lib/thumb/v7e-m+fp/hard/libg_nano.a(libc_a-readr.o)
                0x080051d0                _read_r
 .text          0x080051fc       0x64 /usr/lib/gcc/arm-none-eabi/13.2.1/../../../arm-none-eabi/lib/thumb/v7e-m+fp/hard/libg_nano.a(libc_a-reallocr.o)
                0x080051fc                _realloc_r
 .text          0x08005260      0x114 /usr/lib/gcc/arm-none-eabi/13.2.1/../../../arm-none-eabi/lib/thumb/v7e-m+fp/hard/libg_nano.a(libc_a-makebuf.o)
                0x08005260                __smakebuf_r
                0x08005324                __swhatbuf_r
 .text          0x08005374       0x2c /usr/lib/gcc/arm-none-eabi/13.2.1/../../../arm-none-eabi/lib/thumb/v7e-m+fp/hard/libg_nano.a(libc_a-lseekr.o)
                0x08005374                _lseek_r
 .text          0x080053a0       0x2c /usr/lib/gcc/arm-none-eabi/13.2.1/../../../arm-none-eabi/lib/thumb/v7e-m+fp/hard/libg_nano.a(libc_a-writer.o)
                0x080053a0                _write_r
 .text          0x080053cc       0x24 /usr/lib/gcc/arm-none-eabi/13.2.1/../../../arm-none-eabi/lib/thumb/v7e-m+fp/hard/libg_nano.a(libc_a-isattyr.o)
                0x080053cc                _isatty_r
 .text          0x080053f0       0x10 /usr/lib/gcc/arm-none-eabi/13.2.1/../../../arm-none-eabi/lib/thumb/v7e-m+fp/hard/libg_nano.a(libc_a-msizer.o)
                0x080053f0                _malloc_usable_size_r
 .text          0x08005400       0x2c /usr/lib/gcc/arm-none-eabi/13.2.1/../../../arm-none-eabi/lib/thumb/v7e-m+fp/hard/libg_nano.a(libc_a-fstatr.o)
                0x08005400                _fstat_r
 .text          0x0800542c      0x378 /usr/lib/gcc/arm-none-eabi/13.2.1/thumb/v7e-m+fp/hard/libgcc.a(_arm_addsubdf3.o)
                0x0800542c                __aeabi_drsub
                0x08005434                __aeabi_dsub
                0x08005434                __subdf3
                0x08005438                __adddf3
                0x08005438                __aeabi_dadd
                0x080056b0                __aeabi_ui2d
                0x080056b0                __floatunsidf
                0x080056d0                __floatsidf
                0x080056d0                __aeabi_i2d
                0x080056f4                __extendsfdf2
                0x080056f4                __aeabi_f2d
                0x08005738                __aeabi_ul2d
                0x08005738                __floatundidf
                0x08005748                __floatdidf
                0x08005748                __aeabi_l2d
 .text          0x080057a4      0x424 /usr/lib/gcc/arm-none-eabi/13.2.1/thumb/v7e-m+fp/hard/libgcc.a(_arm_muldivdf3.o)
                0x080057a4                __aeabi_dmul
                0x080057a4                __muldf3
                0x080059f8                __aeabi_ddiv
                0x080059f8                __divdf3
 .text          0x08005bc8      0x110 /usr/lib/gcc/arm-none-eabi/13.2.1/thumb/v7e-m+fp/hard/libgcc.a(_arm_cmpdf2.o)
                0x08005bc8                __gtdf2
                0x08005bc8                __gedf2
                0x08005bd0                __ltdf2
                0x08005bd0                __ledf2
                0x08005bd8                __cmpdf2
                0x08005bd8                __eqdf2
                0x08005bd8                __nedf2
                0x08005c54                __aeabi_cdrcmple
                0x08005c64                __aeabi_cdcmple
                0x08005c64                __aeabi_cdcmpeq
                0x08005c74                __aeabi_dcmpeq
                0x08005c88                __aeabi_dcmplt
                0x08005c9c                __aeabi_dcmple
                0x08005cb0                __aeabi_dcmpge
                0x08005cc4                __aeabi_dcmpgt
 .text          0x08005cd8       0x2c /usr/lib/gcc/arm-none-eabi/13.2.1/thumb/v7e-m+fp/hard/libgcc.a(_arm_unorddf2.o)
                0x08005cd8                __aeabi_dcmpun
                0x08005cd8                __unorddf2
 .text          0x08005d04       0x50 /usr/lib/gcc/arm-none-eabi/13.2.1/thumb/v7e-m+fp/hard/libgcc.a(_arm_fixdfsi.o)
                0x08005d04                __fixdfsi
                0x08005d04                __aeabi_d2iz
 .text          0x08005d54       0x10 /usr/lib/gcc/arm-none-eabi/13.2.1/../../../arm-none-eabi/lib/thumb/v7e-m+fp/hard/libnosys.a(close.o)
                0x08005d54                _close
 .text          0x08005d64       0x10 /usr/lib/gcc/arm-none-eabi/13.2.1/../../../arm-none-eabi/lib/thumb/v7e-m+fp/hard/libnosys.a(fstat.o)
                0x08005d64                _fstat
 .text          0x08005d74       0x10 /usr/lib/gcc/arm-none-eabi/13.2.1/../../../arm-none-eabi/lib/thumb/v7e-m+fp/hard/libnosys.a(getpid.o)
                0x08005d74                _getpid
 .text          0x08005d84       0x10 /usr/lib/gcc/arm-none-eabi/13.2.1/../../../arm-none-eabi/lib/thumb/v7e-m+fp/hard/libnosys.a(isatty.o)
                0x08005d84                _isatty
 .text          0x08005d94       0x10 /usr/lib/gcc/arm-none-eabi/13.2.1/../../../arm-none-eabi/lib/thumb/v7e-m+fp/hard/libnosys.a(kill.o)
                0x08005d94                _kill
 .text          0x08005da4       0x10 /usr/lib/gcc/arm-none-eabi/13.2.1/../../../arm-none-eabi/lib/thumb/v7e-m+fp/hard/libnosys.a(lseek.o)
                0x08005da4                _lseek
 .text          0x08005db4       0x10 /usr/lib/gcc/arm-none-eabi/13.2.1/../../../arm-none-eabi/lib/thumb/v7e-m+fp/hard/libnosys.a(read.o)
                0x08005db4                _read
 .text          0x08005dc4       0x1c /usr/lib/gcc/arm-none-eabi/13.2.1/../../../arm-none-eabi/lib/thumb/v7e-m+fp/hard/libnosys.a(sbrk.o)
                0x08005dc4                _sbrk
 .text          0x08005de0       0x10 /usr/lib/gcc/arm-none-eabi/13.2.1/../../../arm-none-eabi/lib/thumb/v7e-m+fp/hard/libnosys.a(write.o)
                0x08005de0                _write
 .text          0x08005df0        0x4 /usr/lib/gcc/arm-none-eabi/13.2.1/../../../arm-none-eabi/lib/thumb/v7e-m+fp/hard/libnosys.a(_exit.o)
                0x08005df0                _exit
 *(.text*)
 .text.system_clock_config
                0x08005df4       0x98 CMakeFiles/at32f437_template.elf.dir/Application/Source/at32f435_437_clock.c.obj
                0x08005df4                system_clock_config
 .text.NMI_Handler
                0x08005e8c        0x4 CMakeFiles/at32f437_template.elf.dir/Application/Source/at32f435_437_int.c.obj
                0x08005e8c                NMI_Handler
 .text.HardFault_Handler
                0x08005e90        0x4 CMakeFiles/at32f437_template.elf.dir/Application/Source/at32f435_437_int.c.obj
                0x08005e90                HardFault_Handler
 .text.MemManage_Handler
                0x08005e94        0x4 CMakeFiles/at32f437_template.elf.dir/Application/Source/at32f435_437_int.c.obj
                0x08005e94                MemManage_Handler
 .text.BusFault_Handler
                0x08005e98        0x2 CMakeFiles/at32f437_template.elf.dir/Application/Source/at32f435_437_int.c.obj
                0x08005e98                BusFault_Handler
 .text.UsageFault_Handler
                0x08005e9a        0x4 CMakeFiles/at32f437_template.elf.dir/Application/Source/at32f435_437_int.c.obj
                0x08005e9a                UsageFault_Handler
 .text.DebugMon_Handler
                0x08005e9e        0x2 CMakeFiles/at32f437_template.elf.dir/Application/Source/at32f435_437_int.c.obj
                0x08005e9e                DebugMon_Handler
 .text._ZL11daemon_taskPv
                0x08005ea0       0x7c CMakeFiles/at32f437_template.elf.dir/Application/Source/main.cpp.obj
 .text.main     0x08005f1c       0x3c CMakeFiles/at32f437_template.elf.dir/Application/Source/main.cpp.obj
                0x08005f1c                main
 .text.crm_reset
                0x08005f58       0x54 CMakeFiles/at32f437_template.elf.dir/Libraries/StdPeriph/Source/at32f435_437_crm.c.obj
                0x08005f58                crm_reset
 .text.crm_flag_get
                0x08005fac       0x20 CMakeFiles/at32f437_template.elf.dir/Libraries/StdPeriph/Source/at32f435_437_crm.c.obj
                0x08005fac                crm_flag_get
 .text.crm_hext_stable_wait
                0x08005fcc       0x26 CMakeFiles/at32f437_template.elf.dir/Libraries/StdPeriph/Source/at32f435_437_crm.c.obj
                0x08005fcc                crm_hext_stable_wait
 .text.crm_periph_clock_enable
                0x08005ff2       0x38 CMakeFiles/at32f437_template.elf.dir/Libraries/StdPeriph/Source/at32f435_437_crm.c.obj
                0x08005ff2                crm_periph_clock_enable
 *fill*         0x0800602a        0x2 
 .text.crm_clock_source_enable
                0x0800602c       0x50 CMakeFiles/at32f437_template.elf.dir/Libraries/StdPeriph/Source/at32f435_437_crm.c.obj
                0x0800602c                crm_clock_source_enable
 .text.crm_ahb_div_set
                0x0800607c       0x10 CMakeFiles/at32f437_template.elf.dir/Libraries/StdPeriph/Source/at32f435_437_crm.c.obj
                0x0800607c                crm_ahb_div_set
 .text.crm_apb1_div_set
                0x0800608c       0x10 CMakeFiles/at32f437_template.elf.dir/Libraries/StdPeriph/Source/at32f435_437_crm.c.obj
                0x0800608c                crm_apb1_div_set
 .text.crm_apb2_div_set
                0x0800609c       0x10 CMakeFiles/at32f437_template.elf.dir/Libraries/StdPeriph/Source/at32f435_437_crm.c.obj
                0x0800609c                crm_apb2_div_set
 .text.crm_usb_clock_div_set
                0x080060ac       0x14 CMakeFiles/at32f437_template.elf.dir/Libraries/StdPeriph/Source/at32f435_437_crm.c.obj
                0x080060ac                crm_usb_clock_div_set
 .text.crm_auto_step_mode_enable
                0x080060c0       0x28 CMakeFiles/at32f437_template.elf.dir/Libraries/StdPeriph/Source/at32f435_437_crm.c.obj
                0x080060c0                crm_auto_step_mode_enable
 .text.crm_hick_divider_select
                0x080060e8       0x14 CMakeFiles/at32f437_template.elf.dir/Libraries/StdPeriph/Source/at32f435_437_crm.c.obj
                0x080060e8                crm_hick_divider_select
 .text.crm_hick_sclk_frequency_select
                0x080060fc       0x20 CMakeFiles/at32f437_template.elf.dir/Libraries/StdPeriph/Source/at32f435_437_crm.c.obj
                0x080060fc                crm_hick_sclk_frequency_select
 .text.crm_usb_clock_source_select
                0x0800611c       0x24 CMakeFiles/at32f437_template.elf.dir/Libraries/StdPeriph/Source/at32f435_437_crm.c.obj
                0x0800611c                crm_usb_clock_source_select
 .text.crm_pll_config
                0x08006140       0x2c CMakeFiles/at32f437_template.elf.dir/Libraries/StdPeriph/Source/at32f435_437_crm.c.obj
                0x08006140                crm_pll_config
 .text.crm_sysclk_switch
                0x0800616c       0x10 CMakeFiles/at32f437_template.elf.dir/Libraries/StdPeriph/Source/at32f435_437_crm.c.obj
                0x0800616c                crm_sysclk_switch
 .text.crm_sysclk_switch_status_get
                0x0800617c       0x10 CMakeFiles/at32f437_template.elf.dir/Libraries/StdPeriph/Source/at32f435_437_crm.c.obj
                0x0800617c                crm_sysclk_switch_status_get
 .text.gpio_init
                0x0800618c       0x8e CMakeFiles/at32f437_template.elf.dir/Libraries/StdPeriph/Source/at32f435_437_gpio.c.obj
                0x0800618c                gpio_init
 .text.gpio_bits_set
                0x0800621a        0x4 CMakeFiles/at32f437_template.elf.dir/Libraries/StdPeriph/Source/at32f435_437_gpio.c.obj
                0x0800621a                gpio_bits_set
 .text.gpio_bits_reset
                0x0800621e        0x4 CMakeFiles/at32f437_template.elf.dir/Libraries/StdPeriph/Source/at32f435_437_gpio.c.obj
                0x0800621e                gpio_bits_reset
 *fill*         0x08006222        0x2 
 .text.nvic_priority_group_config
                0x08006224       0x24 CMakeFiles/at32f437_template.elf.dir/Libraries/StdPeriph/Source/at32f435_437_misc.c.obj
                0x08006224                nvic_priority_group_config
 .text.Reset_Handler
                0x08006248       0x48 CMakeFiles/at32f437_template.elf.dir/Startup/startup_at32f435_437.S.obj
                0x08006248                Reset_Handler
 .text.Default_Handler
                0x08006290        0x2 CMakeFiles/at32f437_template.elf.dir/Startup/startup_at32f435_437.S.obj
                0x08006290                SDIO1_IRQHandler
                0x08006290                XMC_IRQHandler
                0x08006290                EXINT2_IRQHandler
                0x08006290                TMR20_TRG_HALL_IRQHandler
                0x08006290                UART8_IRQHandler
                0x08006290                SPI4_IRQHandler
                0x08006290                I2C2_EVT_IRQHandler
                0x08006290                TMR20_CH_IRQHandler
                0x08006290                TMR1_OVF_TMR10_IRQHandler
                0x08006290                TMR8_TRG_HALL_TMR14_IRQHandler
                0x08006290                I2C1_ERR_IRQHandler
                0x08006290                EXINT9_5_IRQHandler
                0x08006290                TAMP_STAMP_IRQHandler
                0x08006290                EMAC_IRQHandler
                0x08006290                EDMA_Stream7_IRQHandler
                0x08006290                CAN2_RX1_IRQHandler
                0x08006290                TMR5_GLOBAL_IRQHandler
                0x08006290                TMR20_OVF_IRQHandler
                0x08006290                EDMA_Stream2_IRQHandler
                0x08006290                CAN1_RX0_IRQHandler
                0x08006290                FPU_IRQHandler
                0x08006290                EDMA_Stream3_IRQHandler
                0x08006290                SDIO2_IRQHandler
                0x08006290                OTGFS2_IRQHandler
                0x08006290                SPI1_IRQHandler
                0x08006290                TMR6_DAC_GLOBAL_IRQHandler
                0x08006290                CAN2_RX0_IRQHandler
                0x08006290                OTGFS1_IRQHandler
                0x08006290                DMA2_Channel2_IRQHandler
                0x08006290                DMA1_Channel4_IRQHandler
                0x08006290                TMR8_CH_IRQHandler
                0x08006290                EDMA_Stream4_IRQHandler
                0x08006290                USART6_IRQHandler
                0x08006290                EXINT0_IRQHandler
                0x08006290                USART3_IRQHandler
                0x08006290                DMA1_Channel7_IRQHandler
                0x08006290                CAN1_RX1_IRQHandler
                0x08006290                DVP_IRQHandler
                0x08006290                UART5_IRQHandler
                0x08006290                ACC_IRQHandler
                0x08006290                DMAMUX_IRQHandler
                0x08006290                EMAC_WKUP_IRQHandler
                0x08006290                DMA2_Channel1_IRQHandler
                0x08006290                OTGFS2_WKUP_IRQHandler
                0x08006290                EXINT3_IRQHandler
                0x08006290                DMA1_Channel6_IRQHandler
                0x08006290                UART4_IRQHandler
                0x08006290                DMA2_Channel4_IRQHandler
                0x08006290                ERTCAlarm_IRQHandler
                0x08006290                DMA1_Channel1_IRQHandler
                0x08006290                Default_Handler
                0x08006290                DMA2_Channel7_IRQHandler
                0x08006290                TMR20_BRK_IRQHandler
                0x08006290                QSPI1_IRQHandler
                0x08006290                TMR3_GLOBAL_IRQHandler
                0x08006290                TMR7_GLOBAL_IRQHandler
                0x08006290                CAN1_SE_IRQHandler
                0x08006290                CAN2_TX_IRQHandler
                0x08006290                I2C3_ERR_IRQHandler
                0x08006290                SPI3_I2S3EXT_IRQHandler
                0x08006290                TMR1_BRK_TMR9_IRQHandler
                0x08006290                TMR8_BRK_TMR12_IRQHandler
                0x08006290                TMR1_TRG_HALL_TMR11_IRQHandler
                0x08006290                CAN1_TX_IRQHandler
                0x08006290                DMA2_Channel5_IRQHandler
                0x08006290                DMA1_Channel5_IRQHandler
                0x08006290                EDMA_Stream6_IRQHandler
                0x08006290                QSPI2_IRQHandler
                0x08006290                TMR4_GLOBAL_IRQHandler
                0x08006290                EXINT4_IRQHandler
                0x08006290                CAN2_SE_IRQHandler
                0x08006290                PVM_IRQHandler
                0x08006290                I2C3_EVT_IRQHandler
                0x08006290                DMA1_Channel3_IRQHandler
                0x08006290                I2C1_EVT_IRQHandler
                0x08006290                TMR8_OVF_TMR13_IRQHandler
                0x08006290                DMA2_Channel6_IRQHandler
                0x08006290                EDMA_Stream5_IRQHandler
                0x08006290                EDMA_Stream1_IRQHandler
                0x08006290                EXINT1_IRQHandler
                0x08006290                UART7_IRQHandler
                0x08006290                USART2_IRQHandler
                0x08006290                DMA1_Channel2_IRQHandler
                0x08006290                TMR2_GLOBAL_IRQHandler
                0x08006290                ERTC_WKUP_IRQHandler
                0x08006290                FLASH_IRQHandler
                0x08006290                SPI2_I2S2EXT_IRQHandler
                0x08006290                I2C2_ERR_IRQHandler
                0x08006290                USART1_IRQHandler
                0x08006290                TMR1_CH_IRQHandler
                0x08006290                CRM_IRQHandler
                0x08006290                EDMA_Stream8_IRQHandler
                0x08006290                OTGFS1_WKUP_IRQHandler
                0x08006290                EXINT15_10_IRQHandler
                0x08006290                ADC1_2_3_IRQHandler
                0x08006290                WWDT_IRQHandler
                0x08006290                DMA2_Channel3_IRQHandler
 *fill*         0x08006292        0x2 
 .text.SystemInit
                0x08006294       0x6c CMakeFiles/at32f437_template.elf.dir/Startup/system_at32f435_437.c.obj
                0x08006294                SystemInit
 .text.system_core_clock_update
                0x08006300       0xdc CMakeFiles/at32f437_template.elf.dir/Startup/system_at32f435_437.c.obj
                0x08006300                system_core_clock_update
 .text.prvHeapInit
                0x080063dc       0x58 CMakeFiles/at32f437_template.elf.dir/Libraries/FreeRTOS/Memory_management/heap_4.c.obj
 .text.prvInsertBlockIntoFreeList
                0x08006434       0x64 CMakeFiles/at32f437_template.elf.dir/Libraries/FreeRTOS/Memory_management/heap_4.c.obj
 .text.pvPortMalloc
                0x08006498       0xf4 CMakeFiles/at32f437_template.elf.dir/Libraries/FreeRTOS/Memory_management/heap_4.c.obj
                0x08006498                pvPortMalloc
 .text.vPortFree
                0x0800658c       0x74 CMakeFiles/at32f437_template.elf.dir/Libraries/FreeRTOS/Memory_management/heap_4.c.obj
                0x0800658c                vPortFree
 .text.prvTaskExitError
                0x08006600       0x40 CMakeFiles/at32f437_template.elf.dir/Libraries/FreeRTOS/Portable/port.c.obj
 .text.prvPortStartFirstTask
                0x08006640       0x28 CMakeFiles/at32f437_template.elf.dir/Libraries/FreeRTOS/Portable/port.c.obj
 .text.vPortEnableVFP
                0x08006668       0x14 CMakeFiles/at32f437_template.elf.dir/Libraries/FreeRTOS/Portable/port.c.obj
 .text.pxPortInitialiseStack
                0x0800667c       0x2c CMakeFiles/at32f437_template.elf.dir/Libraries/FreeRTOS/Portable/port.c.obj
                0x0800667c                pxPortInitialiseStack
 *fill*         0x080066a8        0x8 
 .text.SVC_Handler
                0x080066b0       0x24 CMakeFiles/at32f437_template.elf.dir/Libraries/FreeRTOS/Portable/port.c.obj
                0x080066b0                SVC_Handler
 .text.vPortEnterCritical
                0x080066d4       0x44 CMakeFiles/at32f437_template.elf.dir/Libraries/FreeRTOS/Portable/port.c.obj
                0x080066d4                vPortEnterCritical
 .text.vPortExitCritical
                0x08006718       0x2c CMakeFiles/at32f437_template.elf.dir/Libraries/FreeRTOS/Portable/port.c.obj
                0x08006718                vPortExitCritical
 *fill*         0x08006744        0xc 
 .text.PendSV_Handler
                0x08006750       0x64 CMakeFiles/at32f437_template.elf.dir/Libraries/FreeRTOS/Portable/port.c.obj
                0x08006750                PendSV_Handler
 .text.SysTick_Handler
                0x080067b4       0x2c CMakeFiles/at32f437_template.elf.dir/Libraries/FreeRTOS/Portable/port.c.obj
                0x080067b4                SysTick_Handler
 .text.vPortSetupTimerInterrupt
                0x080067e0       0x28 CMakeFiles/at32f437_template.elf.dir/Libraries/FreeRTOS/Portable/port.c.obj
                0x080067e0                vPortSetupTimerInterrupt
 .text.xPortStartScheduler
                0x08006808      0x118 CMakeFiles/at32f437_template.elf.dir/Libraries/FreeRTOS/Portable/port.c.obj
                0x08006808                xPortStartScheduler
 .text.vListInitialise
                0x08006920       0x16 CMakeFiles/at32f437_template.elf.dir/Libraries/FreeRTOS/Source/list.c.obj
                0x08006920                vListInitialise
 .text.vListInitialiseItem
                0x08006936        0x6 CMakeFiles/at32f437_template.elf.dir/Libraries/FreeRTOS/Source/list.c.obj
                0x08006936                vListInitialiseItem
 .text.vListInsert
                0x0800693c       0x32 CMakeFiles/at32f437_template.elf.dir/Libraries/FreeRTOS/Source/list.c.obj
                0x0800693c                vListInsert
 .text.uxListRemove
                0x0800696e       0x26 CMakeFiles/at32f437_template.elf.dir/Libraries/FreeRTOS/Source/list.c.obj
                0x0800696e                uxListRemove
 .text.prvIsQueueEmpty
                0x08006994       0x1a CMakeFiles/at32f437_template.elf.dir/Libraries/FreeRTOS/Source/queue.c.obj
 .text.prvCopyDataFromQueue
                0x080069ae       0x24 CMakeFiles/at32f437_template.elf.dir/Libraries/FreeRTOS/Source/queue.c.obj
 .text.prvUnlockQueue
                0x080069d2       0x6e CMakeFiles/at32f437_template.elf.dir/Libraries/FreeRTOS/Source/queue.c.obj
 .text.xQueueGenericReset
                0x08006a40       0xaa CMakeFiles/at32f437_template.elf.dir/Libraries/FreeRTOS/Source/queue.c.obj
                0x08006a40                xQueueGenericReset
 .text.prvInitialiseNewQueue
                0x08006aea       0x22 CMakeFiles/at32f437_template.elf.dir/Libraries/FreeRTOS/Source/queue.c.obj
 .text.xQueueGenericCreate
                0x08006b0c       0x56 CMakeFiles/at32f437_template.elf.dir/Libraries/FreeRTOS/Source/queue.c.obj
                0x08006b0c                xQueueGenericCreate
 .text.xQueueReceive
                0x08006b62      0x15e CMakeFiles/at32f437_template.elf.dir/Libraries/FreeRTOS/Source/queue.c.obj
                0x08006b62                xQueueReceive
 .text.vQueueAddToRegistry
                0x08006cc0       0x60 CMakeFiles/at32f437_template.elf.dir/Libraries/FreeRTOS/Source/queue.c.obj
                0x08006cc0                vQueueAddToRegistry
 .text.vQueueWaitForMessageRestricted
                0x08006d20       0x52 CMakeFiles/at32f437_template.elf.dir/Libraries/FreeRTOS/Source/queue.c.obj
                0x08006d20                vQueueWaitForMessageRestricted
 *fill*         0x08006d72        0x2 
 .text.prvResetNextTaskUnblockTime
                0x08006d74       0x28 CMakeFiles/at32f437_template.elf.dir/Libraries/FreeRTOS/Source/tasks.c.obj
 .text.prvDeleteTCB
                0x08006d9c       0x12 CMakeFiles/at32f437_template.elf.dir/Libraries/FreeRTOS/Source/tasks.c.obj
 .text.prvInitialiseNewTask
                0x08006dae       0x8e CMakeFiles/at32f437_template.elf.dir/Libraries/FreeRTOS/Source/tasks.c.obj
 .text.prvInitialiseTaskLists
                0x08006e3c       0x68 CMakeFiles/at32f437_template.elf.dir/Libraries/FreeRTOS/Source/tasks.c.obj
 .text.prvAddNewTaskToReadyList
                0x08006ea4       0xc8 CMakeFiles/at32f437_template.elf.dir/Libraries/FreeRTOS/Source/tasks.c.obj
 .text.prvCheckTasksWaitingTermination
                0x08006f6c       0x4c CMakeFiles/at32f437_template.elf.dir/Libraries/FreeRTOS/Source/tasks.c.obj
 .text.prvIdleTask
                0x08006fb8       0x28 CMakeFiles/at32f437_template.elf.dir/Libraries/FreeRTOS/Source/tasks.c.obj
 .text.prvAddCurrentTaskToDelayedList
                0x08006fe0       0xb0 CMakeFiles/at32f437_template.elf.dir/Libraries/FreeRTOS/Source/tasks.c.obj
 .text.xTaskCreate
                0x08007090       0x68 CMakeFiles/at32f437_template.elf.dir/Libraries/FreeRTOS/Source/tasks.c.obj
                0x08007090                xTaskCreate
 .text.vTaskStartScheduler
                0x080070f8       0x8c CMakeFiles/at32f437_template.elf.dir/Libraries/FreeRTOS/Source/tasks.c.obj
                0x080070f8                vTaskStartScheduler
 .text.vTaskSuspendAll
                0x08007184       0x10 CMakeFiles/at32f437_template.elf.dir/Libraries/FreeRTOS/Source/tasks.c.obj
                0x08007184                vTaskSuspendAll
 .text.xTaskGetTickCount
                0x08007194        0xc CMakeFiles/at32f437_template.elf.dir/Libraries/FreeRTOS/Source/tasks.c.obj
                0x08007194                xTaskGetTickCount
 .text.xTaskIncrementTick
                0x080071a0      0x178 CMakeFiles/at32f437_template.elf.dir/Libraries/FreeRTOS/Source/tasks.c.obj
                0x080071a0                xTaskIncrementTick
 .text.xTaskResumeAll
                0x08007318      0x14c CMakeFiles/at32f437_template.elf.dir/Libraries/FreeRTOS/Source/tasks.c.obj
                0x08007318                xTaskResumeAll
 .text.vTaskDelay
                0x08007464       0x4c CMakeFiles/at32f437_template.elf.dir/Libraries/FreeRTOS/Source/tasks.c.obj
                0x08007464                vTaskDelay
 .text.vTaskSwitchContext
                0x080074b0       0x98 CMakeFiles/at32f437_template.elf.dir/Libraries/FreeRTOS/Source/tasks.c.obj
                0x080074b0                vTaskSwitchContext
 .text.vTaskPlaceOnEventList
                0x08007548       0x30 CMakeFiles/at32f437_template.elf.dir/Libraries/FreeRTOS/Source/tasks.c.obj
                0x08007548                vTaskPlaceOnEventList
 .text.vTaskPlaceOnEventListRestricted
                0x08007578       0x54 CMakeFiles/at32f437_template.elf.dir/Libraries/FreeRTOS/Source/tasks.c.obj
                0x08007578                vTaskPlaceOnEventListRestricted
 .text.xTaskRemoveFromEventList
                0x080075cc       0xf0 CMakeFiles/at32f437_template.elf.dir/Libraries/FreeRTOS/Source/tasks.c.obj
                0x080075cc                xTaskRemoveFromEventList
 .text.vTaskInternalSetTimeOutState
                0x080076bc       0x18 CMakeFiles/at32f437_template.elf.dir/Libraries/FreeRTOS/Source/tasks.c.obj
                0x080076bc                vTaskInternalSetTimeOutState
 .text.xTaskCheckForTimeOut
                0x080076d4       0x88 CMakeFiles/at32f437_template.elf.dir/Libraries/FreeRTOS/Source/tasks.c.obj
                0x080076d4                xTaskCheckForTimeOut
 .text.vTaskMissedYield
                0x0800775c        0xc CMakeFiles/at32f437_template.elf.dir/Libraries/FreeRTOS/Source/tasks.c.obj
                0x0800775c                vTaskMissedYield
 .text.xTaskGetSchedulerState
                0x08007768       0x20 CMakeFiles/at32f437_template.elf.dir/Libraries/FreeRTOS/Source/tasks.c.obj
                0x08007768                xTaskGetSchedulerState
 .text.prvGetNextExpireTime
                0x08007788       0x20 CMakeFiles/at32f437_template.elf.dir/Libraries/FreeRTOS/Source/timers.c.obj
 .text.prvInsertTimerInActiveList
                0x080077a8       0x48 CMakeFiles/at32f437_template.elf.dir/Libraries/FreeRTOS/Source/timers.c.obj
 .text.prvReloadTimer
                0x080077f0       0x28 CMakeFiles/at32f437_template.elf.dir/Libraries/FreeRTOS/Source/timers.c.obj
 .text.prvProcessExpiredTimer
                0x08007818       0x40 CMakeFiles/at32f437_template.elf.dir/Libraries/FreeRTOS/Source/timers.c.obj
 .text.prvSwitchTimerLists
                0x08007858       0x30 CMakeFiles/at32f437_template.elf.dir/Libraries/FreeRTOS/Source/timers.c.obj
 .text.prvSampleTimeNow
                0x08007888       0x2c CMakeFiles/at32f437_template.elf.dir/Libraries/FreeRTOS/Source/timers.c.obj
 .text.prvProcessTimerOrBlockTask
                0x080078b4       0x74 CMakeFiles/at32f437_template.elf.dir/Libraries/FreeRTOS/Source/timers.c.obj
 .text.prvProcessReceivedCommands
                0x08007928       0xf0 CMakeFiles/at32f437_template.elf.dir/Libraries/FreeRTOS/Source/timers.c.obj
 .text.prvTimerTask
                0x08007a18       0x16 CMakeFiles/at32f437_template.elf.dir/Libraries/FreeRTOS/Source/timers.c.obj
 *fill*         0x08007a2e        0x2 
 .text.prvCheckForValidListAndQueue
                0x08007a30       0x5c CMakeFiles/at32f437_template.elf.dir/Libraries/FreeRTOS/Source/timers.c.obj
 .text.xTimerCreateTimerTask
                0x08007a8c       0x50 CMakeFiles/at32f437_template.elf.dir/Libraries/FreeRTOS/Source/timers.c.obj
                0x08007a8c                xTimerCreateTimerTask
 .text.arm_sin_f32
                0x08007adc       0x9c /home/tcukavin13/Desktop/CMake_for_MCU/at32f437_template/Libraries/DSP/libarm_cortexM4lf_math.a(arm_sin_f32.o)
                0x08007adc                arm_sin_f32
 *(.glue_7)
 .glue_7        0x08007b78        0x0 linker stubs
 *(.glue_7t)
 .glue_7t       0x08007b78        0x0 linker stubs
 *(.eh_frame)
 .eh_frame      0x08007b78        0x0 /usr/lib/gcc/arm-none-eabi/13.2.1/thumb/v7e-m+fp/hard/crtbegin.o
 *(.init)
 .init          0x08007b78        0x4 /usr/lib/gcc/arm-none-eabi/13.2.1/thumb/v7e-m+fp/hard/crti.o
                0x08007b78                _init
 .init          0x08007b7c        0x8 /usr/lib/gcc/arm-none-eabi/13.2.1/thumb/v7e-m+fp/hard/crtn.o
 *(.fini)
 .fini          0x08007b84        0x4 /usr/lib/gcc/arm-none-eabi/13.2.1/thumb/v7e-m+fp/hard/crti.o
                0x08007b84                _fini
 .fini          0x08007b88        0x8 /usr/lib/gcc/arm-none-eabi/13.2.1/thumb/v7e-m+fp/hard/crtn.o
                0x08007b90                        . = ALIGN (0x4)
                0x08007b90                        _etext = .

.vfp11_veneer   0x08007b90        0x0
 .vfp11_veneer  0x08007b90        0x0 linker stubs

.v4_bx          0x08007b90        0x0
 .v4_bx         0x08007b90        0x0 linker stubs

.iplt           0x08007b90        0x0
 .iplt          0x08007b90        0x0 /usr/lib/gcc/arm-none-eabi/13.2.1/thumb/v7e-m+fp/hard/crtbegin.o

.rodata         0x08007b90      0xbac
                0x08007b90                        . = ALIGN (0x4)
 *(.rodata)
 .rodata        0x08007b90        0x8 CMakeFiles/at32f437_template.elf.dir/Application/Source/main.cpp.obj
 .rodata        0x08007b98      0x128 /usr/lib/gcc/arm-none-eabi/13.2.1/../../../arm-none-eabi/lib/thumb/v7e-m+fp/hard/libg_nano.a(libc_a-mprec.o)
                0x08007ba8                __mprec_tens
                0x08007c70                __mprec_tinytens
                0x08007c98                __mprec_bigtens
 .rodata        0x08007cc0      0x101 /usr/lib/gcc/arm-none-eabi/13.2.1/../../../arm-none-eabi/lib/thumb/v7e-m+fp/hard/libg_nano.a(libc_a-ctype_.o)
                0x08007cc0                _ctype_
 *(.rodata*)
 *fill*         0x08007dc1        0x3 
 .rodata.main.str1.4
                0x08007dc4      0x157 CMakeFiles/at32f437_template.elf.dir/Application/Source/main.cpp.obj
                                  0x7 (size before relaxing)
 *fill*         0x08007f1b        0x1 
 .rodata.sys_ahb_div_table.0
                0x08007f1c       0x10 CMakeFiles/at32f437_template.elf.dir/Startup/system_at32f435_437.c.obj
 .rodata.pll_fr_table.1
                0x08007f2c        0x6 CMakeFiles/at32f437_template.elf.dir/Startup/system_at32f435_437.c.obj
 .rodata.vTaskStartScheduler.str1.4
                0x08007f32        0x5 CMakeFiles/at32f437_template.elf.dir/Libraries/FreeRTOS/Source/tasks.c.obj
 *fill*         0x08007f32        0x2 
 .rodata.uxTopUsedPriority
                0x08007f34        0x4 CMakeFiles/at32f437_template.elf.dir/Libraries/FreeRTOS/Source/tasks.c.obj
                0x08007f34                uxTopUsedPriority
 .rodata.prvCheckForValidListAndQueue.str1.4
                0x08007f38        0x5 CMakeFiles/at32f437_template.elf.dir/Libraries/FreeRTOS/Source/timers.c.obj
 .rodata.xTimerCreateTimerTask.str1.4
                0x08007f38        0x8 CMakeFiles/at32f437_template.elf.dir/Libraries/FreeRTOS/Source/timers.c.obj
 .rodata.sinTable_f32
                0x08007f38      0x804 /home/tcukavin13/Desktop/CMake_for_MCU/at32f437_template/Libraries/DSP/libarm_cortexM4lf_math.a(arm_common_tables.o)
                0x08007f38                sinTable_f32
 .rodata.str1.4
                0x0800873c       0x12 /usr/lib/gcc/arm-none-eabi/13.2.1/../../../arm-none-eabi/lib/thumb/v7e-m+fp/hard/libg_nano.a(libc_a-nano-vfprintf_float.o)
 .rodata.str1.4
                0x0800873c       0x69 /usr/lib/gcc/arm-none-eabi/13.2.1/../../../arm-none-eabi/lib/thumb/v7e-m+fp/hard/libg_nano.a(libc_a-dtoa.o)
 .rodata.str1.4
                0x0800873c       0x25 /usr/lib/gcc/arm-none-eabi/13.2.1/../../../arm-none-eabi/lib/thumb/v7e-m+fp/hard/libg_nano.a(libc_a-nano-vfprintf_i.o)
 .rodata.str1.4
                0x0800873c       0x43 /usr/lib/gcc/arm-none-eabi/13.2.1/../../../arm-none-eabi/lib/thumb/v7e-m+fp/hard/libg_nano.a(libc_a-assert.o)
 .rodata.str1.4
                0x0800873c       0x59 /usr/lib/gcc/arm-none-eabi/13.2.1/../../../arm-none-eabi/lib/thumb/v7e-m+fp/hard/libg_nano.a(libc_a-mprec.o)
 .rodata.str1.4
                0x0800873c       0x12 /usr/lib/gcc/arm-none-eabi/13.2.1/../../../arm-none-eabi/lib/thumb/v7e-m+fp/hard/libg_nano.a(libc_a-locale.o)
 .rodata.str1.4
                0x0800873c       0x13 /usr/lib/gcc/arm-none-eabi/13.2.1/../../../arm-none-eabi/lib/thumb/v7e-m+fp/hard/libg_nano.a(libc_a-nano-vfprintf.o)
                0x080087a8                        . = ALIGN (0x4)

.ARM.extab      0x0800873c       0x18
 *(.ARM.extab* .gnu.linkonce.armextab.*)
 .ARM.extab     0x0800873c       0x18 /usr/lib/gcc/arm-none-eabi/13.2.1/thumb/v7e-m+fp/hard/libgcc.a(pr-support.o)

.ARM            0x08008754       0xd0
                0x08008754                        __exidx_start = .
 *(.ARM.exidx*)
 .ARM.exidx     0x08008754        0x8 /usr/lib/gcc/arm-none-eabi/13.2.1/thumb/v7e-m+fp/hard/libgcc.a(_udivmoddi4.o)
 .ARM.exidx     0x0800875c       0x78 /usr/lib/gcc/arm-none-eabi/13.2.1/thumb/v7e-m+fp/hard/libgcc.a(unwind-arm.o)
                                 0xd8 (size before relaxing)
 .ARM.exidx     0x080087d4       0x38 /usr/lib/gcc/arm-none-eabi/13.2.1/thumb/v7e-m+fp/hard/libgcc.a(pr-support.o)
 .ARM.exidx     0x0800880c        0x0 /usr/lib/gcc/arm-none-eabi/13.2.1/../../../arm-none-eabi/lib/thumb/v7e-m+fp/hard/libg_nano.a(libc_a-memcpy.o)
                                  0x8 (size before relaxing)
 .ARM.exidx     0x0800880c        0x0 /usr/lib/gcc/arm-none-eabi/13.2.1/../../../arm-none-eabi/lib/thumb/v7e-m+fp/hard/libg_nano.a(libc_a-strlen.o)
                                  0x8 (size before relaxing)
 .ARM.exidx     0x0800880c        0x0 /usr/lib/gcc/arm-none-eabi/13.2.1/../../../arm-none-eabi/lib/thumb/v7e-m+fp/hard/libg_nano.a(libc_a-memchr.o)
                                  0x8 (size before relaxing)
 .ARM.exidx.text._ZL11daemon_taskPv
                0x0800880c        0x8 CMakeFiles/at32f437_template.elf.dir/Application/Source/main.cpp.obj
 .ARM.exidx.text.main
                0x08008814       0x10 CMakeFiles/at32f437_template.elf.dir/Application/Source/main.cpp.obj
                                  0x8 (size before relaxing)
                0x08008824                        __exidx_end = .

.rel.dyn        0x08008824        0x0
 .rel.iplt      0x08008824        0x0 /usr/lib/gcc/arm-none-eabi/13.2.1/thumb/v7e-m+fp/hard/crtbegin.o

.preinit_array  0x08008824        0x0
                0x08008824                        PROVIDE (__preinit_array_start = .)
 *(.preinit_array*)
                0x08008824                        PROVIDE (__preinit_array_end = .)

.init_array     0x08008824        0x4
                0x08008824                        PROVIDE (__init_array_start = .)
 *(SORT_BY_NAME(.init_array.*))
 *(.init_array*)
 .init_array    0x08008824        0x4 /usr/lib/gcc/arm-none-eabi/13.2.1/thumb/v7e-m+fp/hard/crtbegin.o
                0x08008828                        PROVIDE (__init_array_end = .)

.fini_array     0x08008828        0x4
                0x08008828                        PROVIDE (__fini_array_start = .)
 *(SORT_BY_NAME(.fini_array.*))
 *(.fini_array*)
 .fini_array    0x08008828        0x4 /usr/lib/gcc/arm-none-eabi/13.2.1/thumb/v7e-m+fp/hard/crtbegin.o
                0x0800882c                        PROVIDE (__fini_array_end = .)
                0x0800882c                        _sidata = LOADADDR (.data)

.data           0x20000000      0x1d0 load address 0x0800882c
                0x20000000                        . = ALIGN (0x4)
                0x20000000                        _sdata = .
 *(.data)
 .data          0x20000000       0x50 /usr/lib/gcc/arm-none-eabi/13.2.1/../../../arm-none-eabi/lib/thumb/v7e-m+fp/hard/libg_nano.a(libc_a-impure.o)
                0x20000000                _impure_ptr
                0x20000004                _impure_data
 .data          0x20000050        0xc /usr/lib/gcc/arm-none-eabi/13.2.1/../../../arm-none-eabi/lib/thumb/v7e-m+fp/hard/libg_nano.a(libc_a-findfp.o)
                0x20000050                __sglue
 .data          0x2000005c      0x16c /usr/lib/gcc/arm-none-eabi/13.2.1/../../../arm-none-eabi/lib/thumb/v7e-m+fp/hard/libg_nano.a(libc_a-locale.o)
                0x2000005c                __global_locale
 *(.data*)
 .data.system_core_clock
                0x200001c8        0x4 CMakeFiles/at32f437_template.elf.dir/Startup/system_at32f435_437.c.obj
                0x200001c8                system_core_clock
 .data.uxCriticalNesting
                0x200001cc        0x4 CMakeFiles/at32f437_template.elf.dir/Libraries/FreeRTOS/Portable/port.c.obj
                0x200001d0                        . = ALIGN (0x4)
                0x200001d0                        _edata = .

.tm_clone_table
                0x200001d0        0x0 load address 0x080089fc
 .tm_clone_table
                0x200001d0        0x0 /usr/lib/gcc/arm-none-eabi/13.2.1/thumb/v7e-m+fp/hard/crtbegin.o
 .tm_clone_table
                0x200001d0        0x0 /usr/lib/gcc/arm-none-eabi/13.2.1/thumb/v7e-m+fp/hard/crtend.o

.igot.plt       0x200001d0        0x0 load address 0x080089fc
 .igot.plt      0x200001d0        0x0 /usr/lib/gcc/arm-none-eabi/13.2.1/thumb/v7e-m+fp/hard/crtbegin.o
                0x200001d0                        . = ALIGN (0x4)

.bss            0x200001d0    0x19310 load address 0x080089fc
                0x200001d0                        _sbss = .
                0x200001d0                        __bss_start__ = _sbss
 *(.bss)
 .bss           0x200001d0       0x1c /usr/lib/gcc/arm-none-eabi/13.2.1/thumb/v7e-m+fp/hard/crtbegin.o
 .bss           0x200001ec      0x13c /usr/lib/gcc/arm-none-eabi/13.2.1/../../../arm-none-eabi/lib/thumb/v7e-m+fp/hard/libg_nano.a(libc_a-findfp.o)
                0x200001ec                __sf
                0x20000324                __stdio_exit_handler
 .bss           0x20000328        0x8 /usr/lib/gcc/arm-none-eabi/13.2.1/../../../arm-none-eabi/lib/thumb/v7e-m+fp/hard/libg_nano.a(libc_a-mallocr.o)
                0x20000328                __malloc_sbrk_start
                0x2000032c                __malloc_free_list
 .bss           0x20000330        0x4 /usr/lib/gcc/arm-none-eabi/13.2.1/../../../arm-none-eabi/lib/thumb/v7e-m+fp/hard/libg_nano.a(libc_a-reent.o)
                0x20000330                errno
 .bss           0x20000334        0x4 /usr/lib/gcc/arm-none-eabi/13.2.1/../../../arm-none-eabi/lib/thumb/v7e-m+fp/hard/libnosys.a(sbrk.o)
 *(.bss*)
 .bss.x         0x20000338        0x4 CMakeFiles/at32f437_template.elf.dir/Application/Source/main.cpp.obj
                0x20000338                x
 .bss.xNumberOfSuccessfulFrees
                0x2000033c        0x4 CMakeFiles/at32f437_template.elf.dir/Libraries/FreeRTOS/Memory_management/heap_4.c.obj
 .bss.xNumberOfSuccessfulAllocations
                0x20000340        0x4 CMakeFiles/at32f437_template.elf.dir/Libraries/FreeRTOS/Memory_management/heap_4.c.obj
 .bss.xMinimumEverFreeBytesRemaining
                0x20000344        0x4 CMakeFiles/at32f437_template.elf.dir/Libraries/FreeRTOS/Memory_management/heap_4.c.obj
 .bss.xFreeBytesRemaining
                0x20000348        0x4 CMakeFiles/at32f437_template.elf.dir/Libraries/FreeRTOS/Memory_management/heap_4.c.obj
 .bss.pxEnd     0x2000034c        0x4 CMakeFiles/at32f437_template.elf.dir/Libraries/FreeRTOS/Memory_management/heap_4.c.obj
 .bss.xStart    0x20000350        0x8 CMakeFiles/at32f437_template.elf.dir/Libraries/FreeRTOS/Memory_management/heap_4.c.obj
 .bss.ucHeap    0x20000358    0x19000 CMakeFiles/at32f437_template.elf.dir/Libraries/FreeRTOS/Memory_management/heap_4.c.obj
 .bss.ulMaxPRIGROUPValue
                0x20019358        0x4 CMakeFiles/at32f437_template.elf.dir/Libraries/FreeRTOS/Portable/port.c.obj
 .bss.ucMaxSysCallPriority
                0x2001935c        0x1 CMakeFiles/at32f437_template.elf.dir/Libraries/FreeRTOS/Portable/port.c.obj
 *fill*         0x2001935d        0x3 
 .bss.xQueueRegistry
                0x20019360       0x40 CMakeFiles/at32f437_template.elf.dir/Libraries/FreeRTOS/Source/queue.c.obj
                0x20019360                xQueueRegistry
 .bss.uxSchedulerSuspended
                0x200193a0        0x4 CMakeFiles/at32f437_template.elf.dir/Libraries/FreeRTOS/Source/tasks.c.obj
 .bss.xIdleTaskHandle
                0x200193a4        0x4 CMakeFiles/at32f437_template.elf.dir/Libraries/FreeRTOS/Source/tasks.c.obj
 .bss.xNextTaskUnblockTime
                0x200193a8        0x4 CMakeFiles/at32f437_template.elf.dir/Libraries/FreeRTOS/Source/tasks.c.obj
 .bss.uxTaskNumber
                0x200193ac        0x4 CMakeFiles/at32f437_template.elf.dir/Libraries/FreeRTOS/Source/tasks.c.obj
 .bss.xNumOfOverflows
                0x200193b0        0x4 CMakeFiles/at32f437_template.elf.dir/Libraries/FreeRTOS/Source/tasks.c.obj
 .bss.xYieldPending
                0x200193b4        0x4 CMakeFiles/at32f437_template.elf.dir/Libraries/FreeRTOS/Source/tasks.c.obj
 .bss.xPendedTicks
                0x200193b8        0x4 CMakeFiles/at32f437_template.elf.dir/Libraries/FreeRTOS/Source/tasks.c.obj
 .bss.xSchedulerRunning
                0x200193bc        0x4 CMakeFiles/at32f437_template.elf.dir/Libraries/FreeRTOS/Source/tasks.c.obj
 .bss.uxTopReadyPriority
                0x200193c0        0x4 CMakeFiles/at32f437_template.elf.dir/Libraries/FreeRTOS/Source/tasks.c.obj
 .bss.xTickCount
                0x200193c4        0x4 CMakeFiles/at32f437_template.elf.dir/Libraries/FreeRTOS/Source/tasks.c.obj
 .bss.uxCurrentNumberOfTasks
                0x200193c8        0x4 CMakeFiles/at32f437_template.elf.dir/Libraries/FreeRTOS/Source/tasks.c.obj
 .bss.xSuspendedTaskList
                0x200193cc       0x14 CMakeFiles/at32f437_template.elf.dir/Libraries/FreeRTOS/Source/tasks.c.obj
 .bss.uxDeletedTasksWaitingCleanUp
                0x200193e0        0x4 CMakeFiles/at32f437_template.elf.dir/Libraries/FreeRTOS/Source/tasks.c.obj
 .bss.xTasksWaitingTermination
                0x200193e4       0x14 CMakeFiles/at32f437_template.elf.dir/Libraries/FreeRTOS/Source/tasks.c.obj
 .bss.xPendingReadyList
                0x200193f8       0x14 CMakeFiles/at32f437_template.elf.dir/Libraries/FreeRTOS/Source/tasks.c.obj
 .bss.pxOverflowDelayedTaskList
                0x2001940c        0x4 CMakeFiles/at32f437_template.elf.dir/Libraries/FreeRTOS/Source/tasks.c.obj
 .bss.pxDelayedTaskList
                0x20019410        0x4 CMakeFiles/at32f437_template.elf.dir/Libraries/FreeRTOS/Source/tasks.c.obj
 .bss.xDelayedTaskList2
                0x20019414       0x14 CMakeFiles/at32f437_template.elf.dir/Libraries/FreeRTOS/Source/tasks.c.obj
 .bss.xDelayedTaskList1
                0x20019428       0x14 CMakeFiles/at32f437_template.elf.dir/Libraries/FreeRTOS/Source/tasks.c.obj
 .bss.pxReadyTasksLists
                0x2001943c       0x64 CMakeFiles/at32f437_template.elf.dir/Libraries/FreeRTOS/Source/tasks.c.obj
 .bss.pxCurrentTCB
                0x200194a0        0x4 CMakeFiles/at32f437_template.elf.dir/Libraries/FreeRTOS/Source/tasks.c.obj
                0x200194a0                pxCurrentTCB
 .bss.xLastTime.0
                0x200194a4        0x4 CMakeFiles/at32f437_template.elf.dir/Libraries/FreeRTOS/Source/timers.c.obj
 .bss.xTimerTaskHandle
                0x200194a8        0x4 CMakeFiles/at32f437_template.elf.dir/Libraries/FreeRTOS/Source/timers.c.obj
 .bss.xTimerQueue
                0x200194ac        0x4 CMakeFiles/at32f437_template.elf.dir/Libraries/FreeRTOS/Source/timers.c.obj
 .bss.pxOverflowTimerList
                0x200194b0        0x4 CMakeFiles/at32f437_template.elf.dir/Libraries/FreeRTOS/Source/timers.c.obj
 .bss.pxCurrentTimerList
                0x200194b4        0x4 CMakeFiles/at32f437_template.elf.dir/Libraries/FreeRTOS/Source/timers.c.obj
 .bss.xActiveTimerList2
                0x200194b8       0x14 CMakeFiles/at32f437_template.elf.dir/Libraries/FreeRTOS/Source/timers.c.obj
 .bss.xActiveTimerList1
                0x200194cc       0x14 CMakeFiles/at32f437_template.elf.dir/Libraries/FreeRTOS/Source/timers.c.obj
 *(COMMON)
                0x200194e0                        . = ALIGN (0x4)
                0x200194e0                        _ebss = .
                0x200194e0                        __bss_end__ = _ebss

._user_heap_stack
                0x200194e0      0x600 load address 0x080089fc
                0x200194e0                        . = ALIGN (0x8)
                0x200194e0                        PROVIDE (end = .)
                [!provide]                        PROVIDE (_end = .)
                0x200196e0                        . = (. + _Min_Heap_Size)
 *fill*         0x200194e0      0x200 
                0x20019ae0                        . = (. + _Min_Stack_Size)
 *fill*         0x200196e0      0x400 
                0x20019ae0                        . = ALIGN (0x8)

/DISCARD/
 libc.a(*)
 libm.a(*)
 libgcc.a(*)

.ARM.attributes
                0x00000000       0x30
 *(.ARM.attributes)
 .ARM.attributes
                0x00000000       0x22 /usr/lib/gcc/arm-none-eabi/13.2.1/thumb/v7e-m+fp/hard/crti.o
 .ARM.attributes
                0x00000022       0x34 /usr/lib/gcc/arm-none-eabi/13.2.1/thumb/v7e-m+fp/hard/crtbegin.o
 .ARM.attributes
                0x00000056       0x34 CMakeFiles/at32f437_template.elf.dir/Application/Source/at32f435_437_clock.c.obj
 .ARM.attributes
                0x0000008a       0x34 CMakeFiles/at32f437_template.elf.dir/Application/Source/at32f435_437_int.c.obj
 .ARM.attributes
                0x000000be       0x34 CMakeFiles/at32f437_template.elf.dir/Application/Source/main.cpp.obj
 .ARM.attributes
                0x000000f2       0x34 CMakeFiles/at32f437_template.elf.dir/Libraries/StdPeriph/Source/at32f435_437_crm.c.obj
 .ARM.attributes
                0x00000126       0x34 CMakeFiles/at32f437_template.elf.dir/Libraries/StdPeriph/Source/at32f435_437_gpio.c.obj
 .ARM.attributes
                0x0000015a       0x34 CMakeFiles/at32f437_template.elf.dir/Libraries/StdPeriph/Source/at32f435_437_misc.c.obj
 .ARM.attributes
                0x0000018e       0x21 CMakeFiles/at32f437_template.elf.dir/Startup/startup_at32f435_437.S.obj
 .ARM.attributes
                0x000001af       0x34 CMakeFiles/at32f437_template.elf.dir/Startup/system_at32f435_437.c.obj
 .ARM.attributes
                0x000001e3       0x34 CMakeFiles/at32f437_template.elf.dir/Libraries/FreeRTOS/Memory_management/heap_4.c.obj
 .ARM.attributes
                0x00000217       0x34 CMakeFiles/at32f437_template.elf.dir/Libraries/FreeRTOS/Portable/port.c.obj
 .ARM.attributes
                0x0000024b       0x34 CMakeFiles/at32f437_template.elf.dir/Libraries/FreeRTOS/Source/list.c.obj
 .ARM.attributes
                0x0000027f       0x34 CMakeFiles/at32f437_template.elf.dir/Libraries/FreeRTOS/Source/queue.c.obj
 .ARM.attributes
                0x000002b3       0x34 CMakeFiles/at32f437_template.elf.dir/Libraries/FreeRTOS/Source/tasks.c.obj
 .ARM.attributes
                0x000002e7       0x34 CMakeFiles/at32f437_template.elf.dir/Libraries/FreeRTOS/Source/timers.c.obj
 .ARM.attributes
                0x0000031b       0x39 /home/tcukavin13/Desktop/CMake_for_MCU/at32f437_template/Libraries/DSP/libarm_cortexM4lf_math.a(arm_sin_f32.o)
 .ARM.attributes
                0x00000354       0x39 /home/tcukavin13/Desktop/CMake_for_MCU/at32f437_template/Libraries/DSP/libarm_cortexM4lf_math.a(arm_common_tables.o)
 .ARM.attributes
                0x0000038d       0x22 /usr/lib/gcc/arm-none-eabi/13.2.1/thumb/v7e-m+fp/hard/libgcc.a(_aeabi_uldivmod.o)
 .ARM.attributes
                0x000003af       0x34 /usr/lib/gcc/arm-none-eabi/13.2.1/thumb/v7e-m+fp/hard/libgcc.a(_udivmoddi4.o)
 .ARM.attributes
                0x000003e3       0x34 /usr/lib/gcc/arm-none-eabi/13.2.1/thumb/v7e-m+fp/hard/libgcc.a(unwind-arm.o)
 .ARM.attributes
                0x00000417       0x22 /usr/lib/gcc/arm-none-eabi/13.2.1/thumb/v7e-m+fp/hard/libgcc.a(libunwind.o)
 .ARM.attributes
                0x00000439       0x34 /usr/lib/gcc/arm-none-eabi/13.2.1/thumb/v7e-m+fp/hard/libgcc.a(pr-support.o)
 .ARM.attributes
                0x0000046d       0x22 /usr/lib/gcc/arm-none-eabi/13.2.1/thumb/v7e-m+fp/hard/libgcc.a(_dvmd_tls.o)
 .ARM.attributes
                0x0000048f       0x34 /usr/lib/gcc/arm-none-eabi/13.2.1/../../../arm-none-eabi/lib/thumb/v7e-m+fp/hard/libg_nano.a(libc_a-init.o)
 .ARM.attributes
                0x000004c3       0x34 /usr/lib/gcc/arm-none-eabi/13.2.1/../../../arm-none-eabi/lib/thumb/v7e-m+fp/hard/libg_nano.a(libc_a-abort.o)
 .ARM.attributes
                0x000004f7       0x34 /usr/lib/gcc/arm-none-eabi/13.2.1/../../../arm-none-eabi/lib/thumb/v7e-m+fp/hard/libg_nano.a(libc_a-memset.o)
 .ARM.attributes
                0x0000052b       0x34 /usr/lib/gcc/arm-none-eabi/13.2.1/../../../arm-none-eabi/lib/thumb/v7e-m+fp/hard/libg_nano.a(libc_a-nano-vfprintf_float.o)
 .ARM.attributes
                0x0000055f       0x34 /usr/lib/gcc/arm-none-eabi/13.2.1/../../../arm-none-eabi/lib/thumb/v7e-m+fp/hard/libg_nano.a(libc_a-dtoa.o)
 .ARM.attributes
                0x00000593       0x20 /usr/lib/gcc/arm-none-eabi/13.2.1/../../../arm-none-eabi/lib/thumb/v7e-m+fp/hard/libg_nano.a(libc_a-memcpy.o)
 .ARM.attributes
                0x000005b3       0x34 /usr/lib/gcc/arm-none-eabi/13.2.1/../../../arm-none-eabi/lib/thumb/v7e-m+fp/hard/libg_nano.a(libc_a-malloc.o)
 .ARM.attributes
                0x000005e7       0x34 /usr/lib/gcc/arm-none-eabi/13.2.1/../../../arm-none-eabi/lib/thumb/v7e-m+fp/hard/libg_nano.a(libc_a-nano-vfprintf_i.o)
 .ARM.attributes
                0x0000061b       0x34 /usr/lib/gcc/arm-none-eabi/13.2.1/../../../arm-none-eabi/lib/thumb/v7e-m+fp/hard/libg_nano.a(libc_a-assert.o)
 .ARM.attributes
                0x0000064f       0x34 /usr/lib/gcc/arm-none-eabi/13.2.1/../../../arm-none-eabi/lib/thumb/v7e-m+fp/hard/libg_nano.a(libc_a-mprec.o)
 .ARM.attributes
                0x00000683       0x34 /usr/lib/gcc/arm-none-eabi/13.2.1/../../../arm-none-eabi/lib/thumb/v7e-m+fp/hard/libg_nano.a(libc_a-impure.o)
 .ARM.attributes
                0x000006b7       0x34 /usr/lib/gcc/arm-none-eabi/13.2.1/../../../arm-none-eabi/lib/thumb/v7e-m+fp/hard/libg_nano.a(libc_a-localeconv.o)
 .ARM.attributes
                0x000006eb       0x34 /usr/lib/gcc/arm-none-eabi/13.2.1/../../../arm-none-eabi/lib/thumb/v7e-m+fp/hard/libg_nano.a(libc_a-signal.o)
 .ARM.attributes
                0x0000071f       0x34 /usr/lib/gcc/arm-none-eabi/13.2.1/../../../arm-none-eabi/lib/thumb/v7e-m+fp/hard/libg_nano.a(libc_a-findfp.o)
 .ARM.attributes
                0x00000753       0x1c /usr/lib/gcc/arm-none-eabi/13.2.1/../../../arm-none-eabi/lib/thumb/v7e-m+fp/hard/libg_nano.a(libc_a-strlen.o)
 .ARM.attributes
                0x0000076f       0x34 /usr/lib/gcc/arm-none-eabi/13.2.1/../../../arm-none-eabi/lib/thumb/v7e-m+fp/hard/libg_nano.a(libc_a-fflush.o)
 .ARM.attributes
                0x000007a3       0x34 /usr/lib/gcc/arm-none-eabi/13.2.1/../../../arm-none-eabi/lib/thumb/v7e-m+fp/hard/libg_nano.a(libc_a-callocr.o)
 .ARM.attributes
                0x000007d7       0x34 /usr/lib/gcc/arm-none-eabi/13.2.1/../../../arm-none-eabi/lib/thumb/v7e-m+fp/hard/libg_nano.a(libc_a-locale.o)
 .ARM.attributes
                0x0000080b       0x34 /usr/lib/gcc/arm-none-eabi/13.2.1/../../../arm-none-eabi/lib/thumb/v7e-m+fp/hard/libg_nano.a(libc_a-mallocr.o)
 .ARM.attributes
                0x0000083f       0x34 /usr/lib/gcc/arm-none-eabi/13.2.1/../../../arm-none-eabi/lib/thumb/v7e-m+fp/hard/libg_nano.a(libc_a-freer.o)
 .ARM.attributes
                0x00000873       0x34 /usr/lib/gcc/arm-none-eabi/13.2.1/../../../arm-none-eabi/lib/thumb/v7e-m+fp/hard/libg_nano.a(libc_a-fwalk.o)
 .ARM.attributes
                0x000008a7       0x34 /usr/lib/gcc/arm-none-eabi/13.2.1/../../../arm-none-eabi/lib/thumb/v7e-m+fp/hard/libg_nano.a(libc_a-wctomb_r.o)
 .ARM.attributes
                0x000008db       0x1c /usr/lib/gcc/arm-none-eabi/13.2.1/../../../arm-none-eabi/lib/thumb/v7e-m+fp/hard/libg_nano.a(libc_a-memchr.o)
 .ARM.attributes
                0x000008f7       0x34 /usr/lib/gcc/arm-none-eabi/13.2.1/../../../arm-none-eabi/lib/thumb/v7e-m+fp/hard/libg_nano.a(libc_a-fprintf.o)
 .ARM.attributes
                0x0000092b       0x34 /usr/lib/gcc/arm-none-eabi/13.2.1/../../../arm-none-eabi/lib/thumb/v7e-m+fp/hard/libg_nano.a(libc_a-mlock.o)
 .ARM.attributes
                0x0000095f       0x34 /usr/lib/gcc/arm-none-eabi/13.2.1/../../../arm-none-eabi/lib/thumb/v7e-m+fp/hard/libg_nano.a(libc_a-ctype_.o)
 .ARM.attributes
                0x00000993       0x34 /usr/lib/gcc/arm-none-eabi/13.2.1/../../../arm-none-eabi/lib/thumb/v7e-m+fp/hard/libg_nano.a(libc_a-nano-vfprintf.o)
 .ARM.attributes
                0x000009c7       0x34 /usr/lib/gcc/arm-none-eabi/13.2.1/../../../arm-none-eabi/lib/thumb/v7e-m+fp/hard/libg_nano.a(libc_a-wbuf.o)
 .ARM.attributes
                0x000009fb       0x34 /usr/lib/gcc/arm-none-eabi/13.2.1/../../../arm-none-eabi/lib/thumb/v7e-m+fp/hard/libg_nano.a(libc_a-sbrkr.o)
 .ARM.attributes
                0x00000a2f       0x34 /usr/lib/gcc/arm-none-eabi/13.2.1/../../../arm-none-eabi/lib/thumb/v7e-m+fp/hard/libg_nano.a(libc_a-stdio.o)
 .ARM.attributes
                0x00000a63       0x34 /usr/lib/gcc/arm-none-eabi/13.2.1/../../../arm-none-eabi/lib/thumb/v7e-m+fp/hard/libg_nano.a(libc_a-signalr.o)
 .ARM.attributes
                0x00000a97       0x34 /usr/lib/gcc/arm-none-eabi/13.2.1/../../../arm-none-eabi/lib/thumb/v7e-m+fp/hard/libg_nano.a(libc_a-fvwrite.o)
 .ARM.attributes
                0x00000acb       0x34 /usr/lib/gcc/arm-none-eabi/13.2.1/../../../arm-none-eabi/lib/thumb/v7e-m+fp/hard/libg_nano.a(libc_a-mbtowc_r.o)
 .ARM.attributes
                0x00000aff       0x34 /usr/lib/gcc/arm-none-eabi/13.2.1/../../../arm-none-eabi/lib/thumb/v7e-m+fp/hard/libg_nano.a(libc_a-closer.o)
 .ARM.attributes
                0x00000b33       0x34 /usr/lib/gcc/arm-none-eabi/13.2.1/../../../arm-none-eabi/lib/thumb/v7e-m+fp/hard/libg_nano.a(libc_a-memmove.o)
 .ARM.attributes
                0x00000b67       0x34 /usr/lib/gcc/arm-none-eabi/13.2.1/../../../arm-none-eabi/lib/thumb/v7e-m+fp/hard/libg_nano.a(libc_a-wsetup.o)
 .ARM.attributes
                0x00000b9b       0x34 /usr/lib/gcc/arm-none-eabi/13.2.1/../../../arm-none-eabi/lib/thumb/v7e-m+fp/hard/libg_nano.a(libc_a-readr.o)
 .ARM.attributes
                0x00000bcf       0x34 /usr/lib/gcc/arm-none-eabi/13.2.1/../../../arm-none-eabi/lib/thumb/v7e-m+fp/hard/libg_nano.a(libc_a-reent.o)
 .ARM.attributes
                0x00000c03       0x34 /usr/lib/gcc/arm-none-eabi/13.2.1/../../../arm-none-eabi/lib/thumb/v7e-m+fp/hard/libg_nano.a(libc_a-reallocr.o)
 .ARM.attributes
                0x00000c37       0x34 /usr/lib/gcc/arm-none-eabi/13.2.1/../../../arm-none-eabi/lib/thumb/v7e-m+fp/hard/libg_nano.a(libc_a-makebuf.o)
 .ARM.attributes
                0x00000c6b       0x34 /usr/lib/gcc/arm-none-eabi/13.2.1/../../../arm-none-eabi/lib/thumb/v7e-m+fp/hard/libg_nano.a(libc_a-lseekr.o)
 .ARM.attributes
                0x00000c9f       0x34 /usr/lib/gcc/arm-none-eabi/13.2.1/../../../arm-none-eabi/lib/thumb/v7e-m+fp/hard/libg_nano.a(libc_a-writer.o)
 .ARM.attributes
                0x00000cd3       0x34 /usr/lib/gcc/arm-none-eabi/13.2.1/../../../arm-none-eabi/lib/thumb/v7e-m+fp/hard/libg_nano.a(libc_a-isattyr.o)
 .ARM.attributes
                0x00000d07       0x34 /usr/lib/gcc/arm-none-eabi/13.2.1/../../../arm-none-eabi/lib/thumb/v7e-m+fp/hard/libg_nano.a(libc_a-msizer.o)
 .ARM.attributes
                0x00000d3b       0x34 /usr/lib/gcc/arm-none-eabi/13.2.1/../../../arm-none-eabi/lib/thumb/v7e-m+fp/hard/libg_nano.a(libc_a-fstatr.o)
 .ARM.attributes
                0x00000d6f       0x22 /usr/lib/gcc/arm-none-eabi/13.2.1/thumb/v7e-m+fp/hard/libgcc.a(_arm_addsubdf3.o)
 .ARM.attributes
                0x00000d91       0x22 /usr/lib/gcc/arm-none-eabi/13.2.1/thumb/v7e-m+fp/hard/libgcc.a(_arm_muldivdf3.o)
 .ARM.attributes
                0x00000db3       0x22 /usr/lib/gcc/arm-none-eabi/13.2.1/thumb/v7e-m+fp/hard/libgcc.a(_arm_cmpdf2.o)
 .ARM.attributes
                0x00000dd5       0x22 /usr/lib/gcc/arm-none-eabi/13.2.1/thumb/v7e-m+fp/hard/libgcc.a(_arm_unorddf2.o)
 .ARM.attributes
                0x00000df7       0x22 /usr/lib/gcc/arm-none-eabi/13.2.1/thumb/v7e-m+fp/hard/libgcc.a(_arm_fixdfsi.o)
 .ARM.attributes
                0x00000e19       0x34 /usr/lib/gcc/arm-none-eabi/13.2.1/../../../arm-none-eabi/lib/thumb/v7e-m+fp/hard/libnosys.a(close.o)
 .ARM.attributes
                0x00000e4d       0x34 /usr/lib/gcc/arm-none-eabi/13.2.1/../../../arm-none-eabi/lib/thumb/v7e-m+fp/hard/libnosys.a(fstat.o)
 .ARM.attributes
                0x00000e81       0x34 /usr/lib/gcc/arm-none-eabi/13.2.1/../../../arm-none-eabi/lib/thumb/v7e-m+fp/hard/libnosys.a(getpid.o)
 .ARM.attributes
                0x00000eb5       0x34 /usr/lib/gcc/arm-none-eabi/13.2.1/../../../arm-none-eabi/lib/thumb/v7e-m+fp/hard/libnosys.a(isatty.o)
 .ARM.attributes
                0x00000ee9       0x34 /usr/lib/gcc/arm-none-eabi/13.2.1/../../../arm-none-eabi/lib/thumb/v7e-m+fp/hard/libnosys.a(kill.o)
 .ARM.attributes
                0x00000f1d       0x34 /usr/lib/gcc/arm-none-eabi/13.2.1/../../../arm-none-eabi/lib/thumb/v7e-m+fp/hard/libnosys.a(lseek.o)
 .ARM.attributes
                0x00000f51       0x34 /usr/lib/gcc/arm-none-eabi/13.2.1/../../../arm-none-eabi/lib/thumb/v7e-m+fp/hard/libnosys.a(read.o)
 .ARM.attributes
                0x00000f85       0x34 /usr/lib/gcc/arm-none-eabi/13.2.1/../../../arm-none-eabi/lib/thumb/v7e-m+fp/hard/libnosys.a(sbrk.o)
 .ARM.attributes
                0x00000fb9       0x34 /usr/lib/gcc/arm-none-eabi/13.2.1/../../../arm-none-eabi/lib/thumb/v7e-m+fp/hard/libnosys.a(write.o)
 .ARM.attributes
                0x00000fed       0x34 /usr/lib/gcc/arm-none-eabi/13.2.1/../../../arm-none-eabi/lib/thumb/v7e-m+fp/hard/libnosys.a(_exit.o)
 .ARM.attributes
                0x00001021       0x34 /usr/lib/gcc/arm-none-eabi/13.2.1/thumb/v7e-m+fp/hard/crtend.o
 .ARM.attributes
                0x00001055       0x22 /usr/lib/gcc/arm-none-eabi/13.2.1/thumb/v7e-m+fp/hard/crtn.o
OUTPUT(at32f437_template.elf elf32-littlearm)
LOAD linker stubs
LOAD /usr/lib/gcc/arm-none-eabi/13.2.1/../../../arm-none-eabi/lib/thumb/v7e-m+fp/hard/libc.a
LOAD /usr/lib/gcc/arm-none-eabi/13.2.1/../../../arm-none-eabi/lib/thumb/v7e-m+fp/hard/libm.a
LOAD /usr/lib/gcc/arm-none-eabi/13.2.1/thumb/v7e-m+fp/hard/libgcc.a

.comment        0x00000000       0x94
 .comment       0x00000000       0x94 /usr/lib/gcc/arm-none-eabi/13.2.1/thumb/v7e-m+fp/hard/crtbegin.o
                                 0x27 (size before relaxing)
 .comment       0x00000094       0x27 CMakeFiles/at32f437_template.elf.dir/Application/Source/at32f435_437_clock.c.obj
 .comment       0x00000094       0x27 CMakeFiles/at32f437_template.elf.dir/Application/Source/at32f435_437_int.c.obj
 .comment       0x00000094       0x27 CMakeFiles/at32f437_template.elf.dir/Application/Source/main.cpp.obj
 .comment       0x00000094       0x27 CMakeFiles/at32f437_template.elf.dir/Libraries/StdPeriph/Source/at32f435_437_crm.c.obj
 .comment       0x00000094       0x27 CMakeFiles/at32f437_template.elf.dir/Libraries/StdPeriph/Source/at32f435_437_gpio.c.obj
 .comment       0x00000094       0x27 CMakeFiles/at32f437_template.elf.dir/Libraries/StdPeriph/Source/at32f435_437_misc.c.obj
 .comment       0x00000094       0x27 CMakeFiles/at32f437_template.elf.dir/Startup/system_at32f435_437.c.obj
 .comment       0x00000094       0x27 CMakeFiles/at32f437_template.elf.dir/Libraries/FreeRTOS/Memory_management/heap_4.c.obj
 .comment       0x00000094       0x27 CMakeFiles/at32f437_template.elf.dir/Libraries/FreeRTOS/Portable/port.c.obj
 .comment       0x00000094       0x27 CMakeFiles/at32f437_template.elf.dir/Libraries/FreeRTOS/Source/list.c.obj
 .comment       0x00000094       0x27 CMakeFiles/at32f437_template.elf.dir/Libraries/FreeRTOS/Source/queue.c.obj
 .comment       0x00000094       0x27 CMakeFiles/at32f437_template.elf.dir/Libraries/FreeRTOS/Source/tasks.c.obj
 .comment       0x00000094       0x27 CMakeFiles/at32f437_template.elf.dir/Libraries/FreeRTOS/Source/timers.c.obj
 .comment       0x00000094       0x6f /home/tcukavin13/Desktop/CMake_for_MCU/at32f437_template/Libraries/DSP/libarm_cortexM4lf_math.a(arm_sin_f32.o)
 .comment       0x00000094       0x6f /home/tcukavin13/Desktop/CMake_for_MCU/at32f437_template/Libraries/DSP/libarm_cortexM4lf_math.a(arm_common_tables.o)
 .comment       0x00000094       0x27 /usr/lib/gcc/arm-none-eabi/13.2.1/thumb/v7e-m+fp/hard/libgcc.a(_udivmoddi4.o)
 .comment       0x00000094       0x27 /usr/lib/gcc/arm-none-eabi/13.2.1/thumb/v7e-m+fp/hard/libgcc.a(unwind-arm.o)
 .comment       0x00000094       0x27 /usr/lib/gcc/arm-none-eabi/13.2.1/thumb/v7e-m+fp/hard/libgcc.a(pr-support.o)
 .comment       0x00000094       0x27 /usr/lib/gcc/arm-none-eabi/13.2.1/../../../arm-none-eabi/lib/thumb/v7e-m+fp/hard/libg_nano.a(libc_a-init.o)
 .comment       0x00000094       0x27 /usr/lib/gcc/arm-none-eabi/13.2.1/../../../arm-none-eabi/lib/thumb/v7e-m+fp/hard/libg_nano.a(libc_a-abort.o)
 .comment       0x00000094       0x27 /usr/lib/gcc/arm-none-eabi/13.2.1/../../../arm-none-eabi/lib/thumb/v7e-m+fp/hard/libg_nano.a(libc_a-memset.o)
 .comment       0x00000094       0x27 /usr/lib/gcc/arm-none-eabi/13.2.1/../../../arm-none-eabi/lib/thumb/v7e-m+fp/hard/libg_nano.a(libc_a-nano-vfprintf_float.o)
 .comment       0x00000094       0x27 /usr/lib/gcc/arm-none-eabi/13.2.1/../../../arm-none-eabi/lib/thumb/v7e-m+fp/hard/libg_nano.a(libc_a-dtoa.o)
 .comment       0x00000094       0x27 /usr/lib/gcc/arm-none-eabi/13.2.1/../../../arm-none-eabi/lib/thumb/v7e-m+fp/hard/libg_nano.a(libc_a-malloc.o)
 .comment       0x00000094       0x27 /usr/lib/gcc/arm-none-eabi/13.2.1/../../../arm-none-eabi/lib/thumb/v7e-m+fp/hard/libg_nano.a(libc_a-nano-vfprintf_i.o)
 .comment       0x00000094       0x27 /usr/lib/gcc/arm-none-eabi/13.2.1/../../../arm-none-eabi/lib/thumb/v7e-m+fp/hard/libg_nano.a(libc_a-assert.o)
 .comment       0x00000094       0x27 /usr/lib/gcc/arm-none-eabi/13.2.1/../../../arm-none-eabi/lib/thumb/v7e-m+fp/hard/libg_nano.a(libc_a-mprec.o)
 .comment       0x00000094       0x27 /usr/lib/gcc/arm-none-eabi/13.2.1/../../../arm-none-eabi/lib/thumb/v7e-m+fp/hard/libg_nano.a(libc_a-impure.o)
 .comment       0x00000094       0x27 /usr/lib/gcc/arm-none-eabi/13.2.1/../../../arm-none-eabi/lib/thumb/v7e-m+fp/hard/libg_nano.a(libc_a-localeconv.o)
 .comment       0x00000094       0x27 /usr/lib/gcc/arm-none-eabi/13.2.1/../../../arm-none-eabi/lib/thumb/v7e-m+fp/hard/libg_nano.a(libc_a-signal.o)
 .comment       0x00000094       0x27 /usr/lib/gcc/arm-none-eabi/13.2.1/../../../arm-none-eabi/lib/thumb/v7e-m+fp/hard/libg_nano.a(libc_a-findfp.o)
 .comment       0x00000094       0x27 /usr/lib/gcc/arm-none-eabi/13.2.1/../../../arm-none-eabi/lib/thumb/v7e-m+fp/hard/libg_nano.a(libc_a-fflush.o)
 .comment       0x00000094       0x27 /usr/lib/gcc/arm-none-eabi/13.2.1/../../../arm-none-eabi/lib/thumb/v7e-m+fp/hard/libg_nano.a(libc_a-callocr.o)
 .comment       0x00000094       0x27 /usr/lib/gcc/arm-none-eabi/13.2.1/../../../arm-none-eabi/lib/thumb/v7e-m+fp/hard/libg_nano.a(libc_a-locale.o)
 .comment       0x00000094       0x27 /usr/lib/gcc/arm-none-eabi/13.2.1/../../../arm-none-eabi/lib/thumb/v7e-m+fp/hard/libg_nano.a(libc_a-mallocr.o)
 .comment       0x00000094       0x27 /usr/lib/gcc/arm-none-eabi/13.2.1/../../../arm-none-eabi/lib/thumb/v7e-m+fp/hard/libg_nano.a(libc_a-freer.o)
 .comment       0x00000094       0x27 /usr/lib/gcc/arm-none-eabi/13.2.1/../../../arm-none-eabi/lib/thumb/v7e-m+fp/hard/libg_nano.a(libc_a-fwalk.o)
 .comment       0x00000094       0x27 /usr/lib/gcc/arm-none-eabi/13.2.1/../../../arm-none-eabi/lib/thumb/v7e-m+fp/hard/libg_nano.a(libc_a-wctomb_r.o)
 .comment       0x00000094       0x27 /usr/lib/gcc/arm-none-eabi/13.2.1/../../../arm-none-eabi/lib/thumb/v7e-m+fp/hard/libg_nano.a(libc_a-fprintf.o)
 .comment       0x00000094       0x27 /usr/lib/gcc/arm-none-eabi/13.2.1/../../../arm-none-eabi/lib/thumb/v7e-m+fp/hard/libg_nano.a(libc_a-mlock.o)
 .comment       0x00000094       0x27 /usr/lib/gcc/arm-none-eabi/13.2.1/../../../arm-none-eabi/lib/thumb/v7e-m+fp/hard/libg_nano.a(libc_a-ctype_.o)
 .comment       0x00000094       0x27 /usr/lib/gcc/arm-none-eabi/13.2.1/../../../arm-none-eabi/lib/thumb/v7e-m+fp/hard/libg_nano.a(libc_a-nano-vfprintf.o)
 .comment       0x00000094       0x27 /usr/lib/gcc/arm-none-eabi/13.2.1/../../../arm-none-eabi/lib/thumb/v7e-m+fp/hard/libg_nano.a(libc_a-wbuf.o)
 .comment       0x00000094       0x27 /usr/lib/gcc/arm-none-eabi/13.2.1/../../../arm-none-eabi/lib/thumb/v7e-m+fp/hard/libg_nano.a(libc_a-sbrkr.o)
 .comment       0x00000094       0x27 /usr/lib/gcc/arm-none-eabi/13.2.1/../../../arm-none-eabi/lib/thumb/v7e-m+fp/hard/libg_nano.a(libc_a-stdio.o)
 .comment       0x00000094       0x27 /usr/lib/gcc/arm-none-eabi/13.2.1/../../../arm-none-eabi/lib/thumb/v7e-m+fp/hard/libg_nano.a(libc_a-signalr.o)
 .comment       0x00000094       0x27 /usr/lib/gcc/arm-none-eabi/13.2.1/../../../arm-none-eabi/lib/thumb/v7e-m+fp/hard/libg_nano.a(libc_a-fvwrite.o)
 .comment       0x00000094       0x27 /usr/lib/gcc/arm-none-eabi/13.2.1/../../../arm-none-eabi/lib/thumb/v7e-m+fp/hard/libg_nano.a(libc_a-mbtowc_r.o)
 .comment       0x00000094       0x27 /usr/lib/gcc/arm-none-eabi/13.2.1/../../../arm-none-eabi/lib/thumb/v7e-m+fp/hard/libg_nano.a(libc_a-closer.o)
 .comment       0x00000094       0x27 /usr/lib/gcc/arm-none-eabi/13.2.1/../../../arm-none-eabi/lib/thumb/v7e-m+fp/hard/libg_nano.a(libc_a-memmove.o)
 .comment       0x00000094       0x27 /usr/lib/gcc/arm-none-eabi/13.2.1/../../../arm-none-eabi/lib/thumb/v7e-m+fp/hard/libg_nano.a(libc_a-wsetup.o)
 .comment       0x00000094       0x27 /usr/lib/gcc/arm-none-eabi/13.2.1/../../../arm-none-eabi/lib/thumb/v7e-m+fp/hard/libg_nano.a(libc_a-readr.o)
 .comment       0x00000094       0x27 /usr/lib/gcc/arm-none-eabi/13.2.1/../../../arm-none-eabi/lib/thumb/v7e-m+fp/hard/libg_nano.a(libc_a-reent.o)
 .comment       0x00000094       0x27 /usr/lib/gcc/arm-none-eabi/13.2.1/../../../arm-none-eabi/lib/thumb/v7e-m+fp/hard/libg_nano.a(libc_a-reallocr.o)
 .comment       0x00000094       0x27 /usr/lib/gcc/arm-none-eabi/13.2.1/../../../arm-none-eabi/lib/thumb/v7e-m+fp/hard/libg_nano.a(libc_a-makebuf.o)
 .comment       0x00000094       0x27 /usr/lib/gcc/arm-none-eabi/13.2.1/../../../arm-none-eabi/lib/thumb/v7e-m+fp/hard/libg_nano.a(libc_a-lseekr.o)
 .comment       0x00000094       0x27 /usr/lib/gcc/arm-none-eabi/13.2.1/../../../arm-none-eabi/lib/thumb/v7e-m+fp/hard/libg_nano.a(libc_a-writer.o)
 .comment       0x00000094       0x27 /usr/lib/gcc/arm-none-eabi/13.2.1/../../../arm-none-eabi/lib/thumb/v7e-m+fp/hard/libg_nano.a(libc_a-isattyr.o)
 .comment       0x00000094       0x27 /usr/lib/gcc/arm-none-eabi/13.2.1/../../../arm-none-eabi/lib/thumb/v7e-m+fp/hard/libg_nano.a(libc_a-msizer.o)
 .comment       0x00000094       0x27 /usr/lib/gcc/arm-none-eabi/13.2.1/../../../arm-none-eabi/lib/thumb/v7e-m+fp/hard/libg_nano.a(libc_a-fstatr.o)
 .comment       0x00000094       0x27 /usr/lib/gcc/arm-none-eabi/13.2.1/../../../arm-none-eabi/lib/thumb/v7e-m+fp/hard/libnosys.a(close.o)
 .comment       0x00000094       0x27 /usr/lib/gcc/arm-none-eabi/13.2.1/../../../arm-none-eabi/lib/thumb/v7e-m+fp/hard/libnosys.a(fstat.o)
 .comment       0x00000094       0x27 /usr/lib/gcc/arm-none-eabi/13.2.1/../../../arm-none-eabi/lib/thumb/v7e-m+fp/hard/libnosys.a(getpid.o)
 .comment       0x00000094       0x27 /usr/lib/gcc/arm-none-eabi/13.2.1/../../../arm-none-eabi/lib/thumb/v7e-m+fp/hard/libnosys.a(isatty.o)
 .comment       0x00000094       0x27 /usr/lib/gcc/arm-none-eabi/13.2.1/../../../arm-none-eabi/lib/thumb/v7e-m+fp/hard/libnosys.a(kill.o)
 .comment       0x00000094       0x27 /usr/lib/gcc/arm-none-eabi/13.2.1/../../../arm-none-eabi/lib/thumb/v7e-m+fp/hard/libnosys.a(lseek.o)
 .comment       0x00000094       0x27 /usr/lib/gcc/arm-none-eabi/13.2.1/../../../arm-none-eabi/lib/thumb/v7e-m+fp/hard/libnosys.a(read.o)
 .comment       0x00000094       0x27 /usr/lib/gcc/arm-none-eabi/13.2.1/../../../arm-none-eabi/lib/thumb/v7e-m+fp/hard/libnosys.a(sbrk.o)
 .comment       0x00000094       0x27 /usr/lib/gcc/arm-none-eabi/13.2.1/../../../arm-none-eabi/lib/thumb/v7e-m+fp/hard/libnosys.a(write.o)
 .comment       0x00000094       0x27 /usr/lib/gcc/arm-none-eabi/13.2.1/../../../arm-none-eabi/lib/thumb/v7e-m+fp/hard/libnosys.a(_exit.o)
 .comment       0x00000094       0x27 /usr/lib/gcc/arm-none-eabi/13.2.1/thumb/v7e-m+fp/hard/crtend.o

.debug_info     0x00000000    0x2f596
 .debug_info    0x00000000     0x13d8 CMakeFiles/at32f437_template.elf.dir/Application/Source/at32f435_437_clock.c.obj
 .debug_info    0x000013d8       0xcd CMakeFiles/at32f437_template.elf.dir/Application/Source/at32f435_437_int.c.obj
 .debug_info    0x000014a5     0x2861 CMakeFiles/at32f437_template.elf.dir/Application/Source/main.cpp.obj
 .debug_info    0x00003d06     0x2b54 CMakeFiles/at32f437_template.elf.dir/Libraries/StdPeriph/Source/at32f435_437_crm.c.obj
 .debug_info    0x0000685a     0x1638 CMakeFiles/at32f437_template.elf.dir/Libraries/StdPeriph/Source/at32f435_437_gpio.c.obj
 .debug_info    0x00007e92      0xab9 CMakeFiles/at32f437_template.elf.dir/Libraries/StdPeriph/Source/at32f435_437_misc.c.obj
 .debug_info    0x0000894b       0x30 CMakeFiles/at32f437_template.elf.dir/Startup/startup_at32f435_437.S.obj
 .debug_info    0x0000897b     0x1a84 CMakeFiles/at32f437_template.elf.dir/Startup/system_at32f435_437.c.obj
 .debug_info    0x0000a3ff      0x644 CMakeFiles/at32f437_template.elf.dir/Libraries/FreeRTOS/Memory_management/heap_4.c.obj
 .debug_info    0x0000aa43      0x542 CMakeFiles/at32f437_template.elf.dir/Libraries/FreeRTOS/Portable/port.c.obj
 .debug_info    0x0000af85      0x2b3 CMakeFiles/at32f437_template.elf.dir/Libraries/FreeRTOS/Source/list.c.obj
 .debug_info    0x0000b238     0x2395 CMakeFiles/at32f437_template.elf.dir/Libraries/FreeRTOS/Source/queue.c.obj
 .debug_info    0x0000d5cd     0x3031 CMakeFiles/at32f437_template.elf.dir/Libraries/FreeRTOS/Source/tasks.c.obj
 .debug_info    0x000105fe     0x1365 CMakeFiles/at32f437_template.elf.dir/Libraries/FreeRTOS/Source/timers.c.obj
 .debug_info    0x00011963      0x183 /home/tcukavin13/Desktop/CMake_for_MCU/at32f437_template/Libraries/DSP/libarm_cortexM4lf_math.a(arm_sin_f32.o)
 .debug_info    0x00011ae6      0x9b1 /home/tcukavin13/Desktop/CMake_for_MCU/at32f437_template/Libraries/DSP/libarm_cortexM4lf_math.a(arm_common_tables.o)
 .debug_info    0x00012497       0x24 /usr/lib/gcc/arm-none-eabi/13.2.1/thumb/v7e-m+fp/hard/libgcc.a(_aeabi_uldivmod.o)
 .debug_info    0x000124bb      0x6f5 /usr/lib/gcc/arm-none-eabi/13.2.1/thumb/v7e-m+fp/hard/libgcc.a(_udivmoddi4.o)
 .debug_info    0x00012bb0     0x1f92 /usr/lib/gcc/arm-none-eabi/13.2.1/thumb/v7e-m+fp/hard/libgcc.a(unwind-arm.o)
 .debug_info    0x00014b42       0xb7 /usr/lib/gcc/arm-none-eabi/13.2.1/thumb/v7e-m+fp/hard/libgcc.a(libunwind.o)
 .debug_info    0x00014bf9      0xae6 /usr/lib/gcc/arm-none-eabi/13.2.1/thumb/v7e-m+fp/hard/libgcc.a(pr-support.o)
 .debug_info    0x000156df       0x3c /usr/lib/gcc/arm-none-eabi/13.2.1/thumb/v7e-m+fp/hard/libgcc.a(_dvmd_tls.o)
 .debug_info    0x0001571b      0x10b /usr/lib/gcc/arm-none-eabi/13.2.1/../../../arm-none-eabi/lib/thumb/v7e-m+fp/hard/libg_nano.a(libc_a-init.o)
 .debug_info    0x00015826       0xd8 /usr/lib/gcc/arm-none-eabi/13.2.1/../../../arm-none-eabi/lib/thumb/v7e-m+fp/hard/libg_nano.a(libc_a-abort.o)
 .debug_info    0x000158fe      0x135 /usr/lib/gcc/arm-none-eabi/13.2.1/../../../arm-none-eabi/lib/thumb/v7e-m+fp/hard/libg_nano.a(libc_a-memset.o)
 .debug_info    0x00015a33     0x13f9 /usr/lib/gcc/arm-none-eabi/13.2.1/../../../arm-none-eabi/lib/thumb/v7e-m+fp/hard/libg_nano.a(libc_a-nano-vfprintf_float.o)
 .debug_info    0x00016e2c     0x1952 /usr/lib/gcc/arm-none-eabi/13.2.1/../../../arm-none-eabi/lib/thumb/v7e-m+fp/hard/libg_nano.a(libc_a-dtoa.o)
 .debug_info    0x0001877e       0x33 /usr/lib/gcc/arm-none-eabi/13.2.1/../../../arm-none-eabi/lib/thumb/v7e-m+fp/hard/libg_nano.a(libc_a-memcpy.o)
 .debug_info    0x000187b1      0x796 /usr/lib/gcc/arm-none-eabi/13.2.1/../../../arm-none-eabi/lib/thumb/v7e-m+fp/hard/libg_nano.a(libc_a-malloc.o)
 .debug_info    0x00018f47      0xdd7 /usr/lib/gcc/arm-none-eabi/13.2.1/../../../arm-none-eabi/lib/thumb/v7e-m+fp/hard/libg_nano.a(libc_a-nano-vfprintf_i.o)
 .debug_info    0x00019d1e      0x825 /usr/lib/gcc/arm-none-eabi/13.2.1/../../../arm-none-eabi/lib/thumb/v7e-m+fp/hard/libg_nano.a(libc_a-assert.o)
 .debug_info    0x0001a543     0x1f25 /usr/lib/gcc/arm-none-eabi/13.2.1/../../../arm-none-eabi/lib/thumb/v7e-m+fp/hard/libg_nano.a(libc_a-mprec.o)
 .debug_info    0x0001c468      0x70b /usr/lib/gcc/arm-none-eabi/13.2.1/../../../arm-none-eabi/lib/thumb/v7e-m+fp/hard/libg_nano.a(libc_a-impure.o)
 .debug_info    0x0001cb73      0xa0e /usr/lib/gcc/arm-none-eabi/13.2.1/../../../arm-none-eabi/lib/thumb/v7e-m+fp/hard/libg_nano.a(libc_a-localeconv.o)